Component: Arm Compiler for Embedded 6.22 Tool: armlink [5ee90200]

==============================================================================

Section Cross References

    main.o(.text.main) refers to init.o(.text.Init_SystemClock) for Init_SystemClock
    main.o(.text.main) refers to init.o(.text.Init_SharedResources) for Init_SharedResources
    main.o(.text.main) refers to uart.o(.text.UART_Init) for UART_Init
    main.o(.text.main) refers to uart.o(.text.UART_config) for UART_config
    main.o(.text.main) refers to main.o(.rodata.str1.1) for .L.str
    main.o(.text.main) refers to uart.o(.text.UART0_WriteString) for UART0_WriteString
    main.o(.text.main) refers to lighting_task.o(.text.vLightingTask) for vLightingTask
    main.o(.text.main) refers to tasks.o(.text.xTaskCreate) for xTaskCreate
    main.o(.text.main) refers to oven_task.o(.text.vOvenTask) for vOvenTask
    main.o(.text.main) refers to uart_task.o(.text.vUART_task) for vUART_task
    main.o(.text.main) refers to tasks.o(.text.vTaskStartScheduler) for vTaskStartScheduler
    main.o(.ARM.exidx.text.main) refers to main.o(.text.main) for [Anonymous Symbol]
    uart.o(.ARM.exidx.text.UART_Init) refers to uart.o(.text.UART_Init) for [Anonymous Symbol]
    uart.o(.ARM.exidx.text.UART_config) refers to uart.o(.text.UART_config) for [Anonymous Symbol]
    uart.o(.ARM.exidx.text.UART0_WriteChar) refers to uart.o(.text.UART0_WriteChar) for [Anonymous Symbol]
    uart.o(.text.UART0_WriteString) refers to uart.o(.text.UART0_WriteChar) for UART0_WriteChar
    uart.o(.ARM.exidx.text.UART0_WriteString) refers to uart.o(.text.UART0_WriteString) for [Anonymous Symbol]
    uart.o(.text.UART0_ClearScreen) refers to uart.o(.rodata.str1.1) for .L.str
    uart.o(.text.UART0_ClearScreen) refers to uart.o(.text.UART0_WriteString) for UART0_WriteString
    uart.o(.ARM.exidx.text.UART0_ClearScreen) refers to uart.o(.text.UART0_ClearScreen) for [Anonymous Symbol]
    uart.o(.ARM.exidx.text.UART0_Read) refers to uart.o(.text.UART0_Read) for [Anonymous Symbol]
    uart.o(.text.UART0_ResetRxBuffer) refers to uart.o(.text.UART0_SetRxInterruptEnabled) for UART0_SetRxInterruptEnabled
    uart.o(.text.UART0_ResetRxBuffer) refers to uart.o(.bss.g_uart0RxIndex) for g_uart0RxIndex
    uart.o(.text.UART0_ResetRxBuffer) refers to uart.o(.bss.g_uart0EquationReady) for g_uart0EquationReady
    uart.o(.text.UART0_ResetRxBuffer) refers to uart.o(.bss.g_uart0RxBuffer) for g_uart0RxBuffer
    uart.o(.ARM.exidx.text.UART0_ResetRxBuffer) refers to uart.o(.text.UART0_ResetRxBuffer) for [Anonymous Symbol]
    uart.o(.ARM.exidx.text.UART0_SetRxInterruptEnabled) refers to uart.o(.text.UART0_SetRxInterruptEnabled) for [Anonymous Symbol]
    uart.o(.text.UART0_IsEquationReady) refers to uart.o(.bss.g_uart0EquationReady) for g_uart0EquationReady
    uart.o(.ARM.exidx.text.UART0_IsEquationReady) refers to uart.o(.text.UART0_IsEquationReady) for [Anonymous Symbol]
    uart.o(.text.UART0_GetEquation) refers to uart.o(.text.UART0_SetRxInterruptEnabled) for UART0_SetRxInterruptEnabled
    uart.o(.text.UART0_GetEquation) refers to uart.o(.bss.g_uart0RxBuffer) for g_uart0RxBuffer
    uart.o(.text.UART0_GetEquation) refers to uart.o(.bss.g_uart0EquationReady) for g_uart0EquationReady
    uart.o(.text.UART0_GetEquation) refers to uart.o(.bss.g_uart0RxIndex) for g_uart0RxIndex
    uart.o(.ARM.exidx.text.UART0_GetEquation) refers to uart.o(.text.UART0_GetEquation) for [Anonymous Symbol]
    uart.o(.text.UART0_Handler) refers to uart.o(.bss.g_uart0RxIndex) for g_uart0RxIndex
    uart.o(.text.UART0_Handler) refers to uart.o(.bss.g_uart0EquationReady) for g_uart0EquationReady
    uart.o(.text.UART0_Handler) refers to uart.o(.bss.g_uart0RxBuffer) for g_uart0RxBuffer
    uart.o(.text.UART0_Handler) refers to uart.o(.rodata.str1.1) for .L.str.1
    uart.o(.text.UART0_Handler) refers to uart.o(.text.UART0_WriteString) for UART0_WriteString
    uart.o(.text.UART0_Handler) refers to uart.o(.text.UART0_WriteChar) for UART0_WriteChar
    uart.o(.ARM.exidx.text.UART0_Handler) refers to uart.o(.text.UART0_Handler) for [Anonymous Symbol]
    lighting_task.o(.text.vLightingTask) refers to lighting_hal.o(.text.LightingHal_Init) for LightingHal_Init
    lighting_task.o(.text.vLightingTask) refers to tasks.o(.text.xTaskGetTickCount) for xTaskGetTickCount
    lighting_task.o(.text.vLightingTask) refers to shared_state.o(.bss.xSharedStateMutex) for xSharedStateMutex
    lighting_task.o(.text.vLightingTask) refers to queue.o(.text.xQueueSemaphoreTake) for xQueueSemaphoreTake
    lighting_task.o(.text.vLightingTask) refers to shared_state.o(.bss.g_SystemState) for g_SystemState
    lighting_task.o(.text.vLightingTask) refers to queue.o(.text.xQueueGenericSend) for xQueueGenericSend
    lighting_task.o(.text.vLightingTask) refers to tasks.o(.text.xTaskDelayUntil) for xTaskDelayUntil
    lighting_task.o(.text.vLightingTask) refers to lighting_hal.o(.text.LightingHal_ReadAmbient) for LightingHal_ReadAmbient
[...]
    prvCheckTasksWaitingTermination          0x00001b1d   Thumb Code    90  tasks.o(.text.prvCheckTasksWaitingTermination)
    [Anonymous Symbol]                       0x00001b1c   Section        0  tasks.o(.text.prvCheckTasksWaitingTermination)
    prvCopyDataFromQueue                     0x00001b79   Thumb Code    66  queue.o(.text.prvCopyDataFromQueue)
    [Anonymous Symbol]                       0x00001b78   Section        0  queue.o(.text.prvCopyDataFromQueue)
    prvCopyDataToQueue                       0x00001bbd   Thumb Code   204  queue.o(.text.prvCopyDataToQueue)
    [Anonymous Symbol]                       0x00001bbc   Section        0  queue.o(.text.prvCopyDataToQueue)
    prvCreateIdleTasks                       0x00001c89   Thumb Code   216  tasks.o(.text.prvCreateIdleTasks)
    [Anonymous Symbol]                       0x00001c88   Section        0  tasks.o(.text.prvCreateIdleTasks)
    prvCreateStaticTask                      0x00001d61   Thumb Code   212  tasks.o(.text.prvCreateStaticTask)
    [Anonymous Symbol]                       0x00001d60   Section        0  tasks.o(.text.prvCreateStaticTask)
    prvCreateTask                            0x00001e35   Thumb Code   142  tasks.o(.text.prvCreateTask)
    [Anonymous Symbol]                       0x00001e34   Section        0  tasks.o(.text.prvCreateTask)
    prvDeleteTCB                             0x00001ec5   Thumb Code    94  tasks.o(.text.prvDeleteTCB)
    [Anonymous Symbol]                       0x00001ec4   Section        0  tasks.o(.text.prvDeleteTCB)
    prvGetHighestPriorityOfWaitToReceiveList 0x00001f25   Thumb Code    38  queue.o(.text.prvGetHighestPriorityOfWaitToReceiveList)
    [Anonymous Symbol]                       0x00001f24   Section        0  queue.o(.text.prvGetHighestPriorityOfWaitToReceiveList)
    prvGetNextExpireTime                     0x00001f4d   Thumb Code    72  timers.o(.text.prvGetNextExpireTime)
    [Anonymous Symbol]                       0x00001f4c   Section        0  timers.o(.text.prvGetNextExpireTime)
    prvIdleTask                              0x00001f95   Thumb Code    56  tasks.o(.text.prvIdleTask)
    [Anonymous Symbol]                       0x00001f94   Section        0  tasks.o(.text.prvIdleTask)
    prvInitialiseMutex                       0x00001fcd   Thumb Code    48  queue.o(.text.prvInitialiseMutex)
    [Anonymous Symbol]                       0x00001fcc   Section        0  queue.o(.text.prvInitialiseMutex)
    prvInitialiseNewQueue                    0x00001ffd   Thumb Code    62  queue.o(.text.prvInitialiseNewQueue)
    [Anonymous Symbol]                       0x00001ffc   Section        0  queue.o(.text.prvInitialiseNewQueue)
    prvInitialiseNewTask                     0x0000203d   Thumb Code   328  tasks.o(.text.prvInitialiseNewTask)
    [Anonymous Symbol]                       0x0000203c   Section        0  tasks.o(.text.prvInitialiseNewTask)
    prvInitialiseTaskLists                   0x00002185   Thumb Code   142  tasks.o(.text.prvInitialiseTaskLists)
    [Anonymous Symbol]                       0x00002184   Section        0  tasks.o(.text.prvInitialiseTaskLists)
    prvInsertTimerInActiveList               0x00002215   Thumb Code   190  timers.o(.text.prvInsertTimerInActiveList)
    [Anonymous Symbol]                       0x00002214   Section        0  timers.o(.text.prvInsertTimerInActiveList)
    prvIsQueueEmpty                          0x000022d5   Thumb Code    40  queue.o(.text.prvIsQueueEmpty)
    [Anonymous Symbol]                       0x000022d4   Section        0  queue.o(.text.prvIsQueueEmpty)
    prvIsQueueFull                           0x000022fd   Thumb Code    46  queue.o(.text.prvIsQueueFull)
    [Anonymous Symbol]                       0x000022fc   Section        0  queue.o(.text.prvIsQueueFull)
    prvPortStartFirstTask                    0x0000232d   Thumb Code    40  port.o(.text.prvPortStartFirstTask)
    [Anonymous Symbol]                       0x0000232c   Section        0  port.o(.text.prvPortStartFirstTask)
    prvProcessExpiredTimer                   0x00002355   Thumb Code   104  timers.o(.text.prvProcessExpiredTimer)
    [Anonymous Symbol]                       0x00002354   Section        0  timers.o(.text.prvProcessExpiredTimer)
    prvProcessReceivedCommands               0x000023bd   Thumb Code   446  timers.o(.text.prvProcessReceivedCommands)
    [Anonymous Symbol]                       0x000023bc   Section        0  timers.o(.text.prvProcessReceivedCommands)
    prvProcessTimerOrBlockTask               0x0000257d   Thumb Code   188  timers.o(.text.prvProcessTimerOrBlockTask)
    [Anonymous Symbol]                       0x0000257c   Section        0  timers.o(.text.prvProcessTimerOrBlockTask)
    prvReloadTimer                           0x00002639   Thumb Code   102  timers.o(.text.prvReloadTimer)
    [Anonymous Symbol]                       0x00002638   Section        0  timers.o(.text.prvReloadTimer)
    prvResetNextTaskUnblockTime              0x000026a1   Thumb Code    66  tasks.o(.text.prvResetNextTaskUnblockTime)
    [Anonymous Symbol]                       0x000026a0   Section        0  tasks.o(.text.prvResetNextTaskUnblockTime)
    prvSampleTimeNow                         0x000026e5   Thumb Code    82  timers.o(.text.prvSampleTimeNow)
    [Anonymous Symbol]                       0x000026e4   Section        0  timers.o(.text.prvSampleTimeNow)
    prvSwitchTimerLists                      0x00002739   Thumb Code    90  timers.o(.text.prvSwitchTimerLists)
    [Anonymous Symbol]                       0x00002738   Section        0  timers.o(.text.prvSwitchTimerLists)
    prvTaskExitError                         0x00002795   Thumb Code    76  port.o(.text.prvTaskExitError)
    [Anonymous Symbol]                       0x00002794   Section        0  port.o(.text.prvTaskExitError)
    prvTimerTask                             0x000027e1   Thumb Code    34  timers.o(.text.prvTimerTask)
    [Anonymous Symbol]                       0x000027e0   Section        0  timers.o(.text.prvTimerTask)
    prvUnlockQueue                           0x00002805   Thumb Code   174  queue.o(.text.prvUnlockQueue)
    [Anonymous Symbol]                       0x00002804   Section        0  queue.o(.text.prvUnlockQueue)
    [Anonymous Symbol]                       0x000028b4   Section        0  heap_1.o(.text.pvPortMalloc)
    [Anonymous Symbol]                       0x0000297c   Section        0  tasks.o(.text.pvTaskIncrementMutexHeldCount)
    [Anonymous Symbol]                       0x000029a0   Section        0  port.o(.text.pxPortInitialiseStack)
    uint_to_str                              0x00002a01   Thumb Code   208  uart_task.o(.text.uint_to_str)
    [Anonymous Symbol]                       0x00002a00   Section        0  uart_task.o(.text.uint_to_str)
    [Anonymous Symbol]                       0x00002ad0   Section        0  list.o(.text.uxListRemove)
    [Anonymous Symbol]                       0x00002b18   Section        0  tasks.o(.text.vApplicationGetIdleTaskMemory)
    [Anonymous Symbol]                       0x00002b44   Section        0  tasks.o(.text.vApplicationGetTimerTaskMemory)
    [Anonymous Symbol]                       0x00002b70   Section        0  lighting_task.o(.text.vLightingTask)
    [Anonymous Symbol]                       0x00002c80   Section        0  list.o(.text.vListInitialise)
    [Anonymous Symbol]                       0x00002cb0   Section        0  list.o(.text.vListInitialiseItem)
    [Anonymous Symbol]                       0x00002cc0   Section        0  list.o(.text.vListInsert)
    [Anonymous Symbol]                       0x00002d38   Section        0  oven_task.o(.text.vOvenTask)
    vPortEnableVFP                           0x00002e59   Thumb Code    20  port.o(.text.vPortEnableVFP)
    [Anonymous Symbol]                       0x00002e58   Section        0  port.o(.text.vPortEnableVFP)
    [Anonymous Symbol]                       0x00002e6c   Section        0  port.o(.text.vPortEnterCritical)
    [Anonymous Symbol]                       0x00002ec4   Section        0  port.o(.text.vPortExitCritical)
    [Anonymous Symbol]                       0x00002f10   Section        0  heap_1.o(.text.vPortFree)
    [Anonymous Symbol]                       0x00002f34   Section        0  port.o(.text.vPortSVCHandler)
    [Anonymous Symbol]                       0x00002f54   Section        0  port.o(.text.vPortSetupTimerInterrupt)
    [Anonymous Symbol]                       0x00002f80   Section        0  queue.o(.text.vQueueWaitForMessageRestricted)
    [Anonymous Symbol]                       0x00002ff0   Section        0  tasks.o(.text.vTaskDelay)
    [Anonymous Symbol]                       0x00003068   Section        0  tasks.o(.text.vTaskInternalSetTimeOutState)
    [Anonymous Symbol]                       0x00003090   Section        0  tasks.o(.text.vTaskMissedYield)
    [Anonymous Symbol]                       0x000030a0   Section        0  tasks.o(.text.vTaskPlaceOnEventList)
    [Anonymous Symbol]                       0x000030e8   Section        0  tasks.o(.text.vTaskPlaceOnEventListRestricted)
    [Anonymous Symbol]                       0x00003170   Section        0  tasks.o(.text.vTaskPriorityDisinheritAfterTimeout)
    [Anonymous Symbol]                       0x00003300   Section        0  tasks.o(.text.vTaskStartScheduler)
    [Anonymous Symbol]                       0x00003394   Section        0  tasks.o(.text.vTaskSuspendAll)
    __tagsym$$used.0                         0x000033a4   Number         0  tasks.o(.text.vTaskSwitchContext)
    [Anonymous Symbol]                       0x000033a4   Section        0  tasks.o(.text.vTaskSwitchContext)
    [Anonymous Symbol]                       0x0000347c   Section        0  uart_task.o(.text.vUART_task)
    [Anonymous Symbol]                       0x0000363c   Section        0  port.o(.text.xPortPendSVHandler)
    [Anonymous Symbol]                       0x0000369c   Section        0  port.o(.text.xPortStartScheduler)
    [Anonymous Symbol]                       0x00003890   Section        0  port.o(.text.xPortSysTickHandler)
    [Anonymous Symbol]                       0x000038d0   Section        0  queue.o(.text.xQueueCreateMutex)
    [Anonymous Symbol]                       0x000038f8   Section        0  queue.o(.text.xQueueGenericCreate)
    [Anonymous Symbol]                       0x0000399c   Section        0  queue.o(.text.xQueueGenericCreateStatic)
    [Anonymous Symbol]                       0x00003a64   Section        0  queue.o(.text.xQueueGenericReset)
    [Anonymous Symbol]                       0x00003b6c   Section        0  queue.o(.text.xQueueGenericSend)
    [Anonymous Symbol]                       0x00003da8   Section        0  queue.o(.text.xQueueReceive)
    [Anonymous Symbol]                       0x00003f90   Section        0  queue.o(.text.xQueueSemaphoreTake)
    [Anonymous Symbol]                       0x000041ac   Section        0  tasks.o(.text.xTaskCheckForTimeOut)
    [Anonymous Symbol]                       0x000042ac   Section        0  tasks.o(.text.xTaskCreate)
    [Anonymous Symbol]                       0x00004300   Section        0  tasks.o(.text.xTaskCreateStatic)
    [Anonymous Symbol]                       0x0000435c   Section        0  tasks.o(.text.xTaskDelayUntil)
    [Anonymous Symbol]                       0x000044b0   Section        0  tasks.o(.text.xTaskGetSchedulerState)
    [Anonymous Symbol]                       0x000044e8   Section        0  tasks.o(.text.xTaskGetTickCount)
    [Anonymous Symbol]                       0x0000450c   Section        0  tasks.o(.text.xTaskIncrementTick)
    [Anonymous Symbol]                       0x000047c0   Section        0  tasks.o(.text.xTaskPriorityDisinherit)
    [Anonymous Symbol]                       0x00004904   Section        0  tasks.o(.text.xTaskPriorityInherit)
    [Anonymous Symbol]                       0x00004a6c   Section        0  tasks.o(.text.xTaskRemoveFromEventList)
    [Anonymous Symbol]                       0x00004c1c   Section        0  tasks.o(.text.xTaskResumeAll)
    [Anonymous Symbol]                       0x00004e88   Section        0  timers.o(.text.xTimerCreateTimerTask)
    $v0                                      0x00004f1c   Number         0  fpinit.o(x$fpl$fpinit)
    x$fpl$fpinit                             0x00004f1c   Section       26  fpinit.o(x$fpl$fpinit)
    .L.str                                   0x00004f36   Data          16  main.o(.rodata.str1.1)
    [Anonymous Symbol]                       0x00004f36   Section        0  main.o(.rodata.str1.1)
    .L.str.4                                 0x00004f46   Data          20  main.o(.rodata.str1.1)
    .L.str.1                                 0x00004f5a   Data           9  main.o(.rodata.str1.1)
    .L.str.3                                 0x00004f63   Data          10  main.o(.rodata.str1.1)
    .L.str.2                                 0x00004f6d   Data           5  main.o(.rodata.str1.1)
    .L.str                                   0x00004f72   Data           8  uart.o(.rodata.str1.1)
    .L.str.1                                 0x00004f72   Data          16  uart.o(.rodata.str1.1)
    [Anonymous Symbol]                       0x00004f72   Section        0  uart.o(.rodata.str1.1)
    .L.str.2                                 0x00004f82   Data          36  uart.o(.rodata.str1.1)
    .L.str.1                                 0x00004fae   Data          53  uart_task.o(.rodata.str1.1)
    [Anonymous Symbol]                       0x00004fae   Section        0  uart_task.o(.rodata.str1.1)
    .L.str.3                                 0x00004fe3   Data          29  uart_task.o(.rodata.str1.1)
    .L.str.20                                0x00005000   Data          28  uart_task.o(.rodata.str1.1)
    .L.str                                   0x0000501c   Data          47  uart_task.o(.rodata.str1.1)
    .L.str.2                                 0x0000501e   Data          45  uart_task.o(.rodata.str1.1)
    .L.str.15                                0x0000504b   Data           6  uart_task.o(.rodata.str1.1)
    .L.str.14                                0x00005051   Data           5  uart_task.o(.rodata.str1.1)
    .L.str.7                                 0x00005056   Data          11  uart_task.o(.rodata.str1.1)
    .L.str.5                                 0x00005061   Data          11  uart_task.o(.rodata.str1.1)
    .L.str.8                                 0x0000506c   Data           9  uart_task.o(.rodata.str1.1)
    .L.str.6                                 0x00005075   Data           7  uart_task.o(.rodata.str1.1)
    .L.str.9                                 0x0000507c   Data          10  uart_task.o(.rodata.str1.1)
    .L.str.18                                0x00005086   Data           5  uart_task.o(.rodata.str1.1)
    .L.str.17                                0x0000508b   Data           6  uart_task.o(.rodata.str1.1)
    .L.str.10                                0x00005091   Data          11  uart_task.o(.rodata.str1.1)
    .L.str.11                                0x0000509c   Data          10  uart_task.o(.rodata.str1.1)
    .L.str.4                                 0x000050a6   Data           9  uart_task.o(.rodata.str1.1)
    .L.str.13                                0x000050af   Data          17  uart_task.o(.rodata.str1.1)
    .L.str.12                                0x000050c0   Data          16  uart_task.o(.rodata.str1.1)
    .L.str.16                                0x000050d0   Data          16  uart_task.o(.rodata.str1.1)
    .L.str.19                                0x000050e0   Data          11  uart_task.o(.rodata.str1.1)
    .L.str                                   0x000050eb   Data           5  tasks.o(.rodata.str1.1)
    [Anonymous Symbol]                       0x000050eb   Section        0  tasks.o(.rodata.str1.1)
    .L.str                                   0x000050f0   Data           8  timers.o(.rodata.str1.1)
    [Anonymous Symbol]                       0x000050f0   Section        0  timers.o(.rodata.str1.1)
    uxTopUsedPriority                        0x000050f8   Data           4  tasks.o(.rodata.uxTopUsedPriority)
    [Anonymous Symbol]                       0x000050f8   Section        0  tasks.o(.rodata.uxTopUsedPriority)
    uxCriticalNesting                        0x20000000   Data           4  port.o(.data.uxCriticalNesting)
    [Anonymous Symbol]                       0x20000000   Section        0  port.o(.data.uxCriticalNesting)
    .bss                                     0x20000008   Section       96  libspace.o(.bss)
    g_uart0EquationReady                     0x2000006c   Data           1  uart.o(.bss.g_uart0EquationReady)
    [Anonymous Symbol]                       0x2000006c   Section        0  uart.o(.bss.g_uart0EquationReady)
    g_uart0RxBuffer                          0x2000006d   Data         128  uart.o(.bss.g_uart0RxBuffer)
    [Anonymous Symbol]                       0x2000006d   Section        0  uart.o(.bss.g_uart0RxBuffer)
    g_uart0RxIndex                           0x200000f0   Data           4  uart.o(.bss.g_uart0RxIndex)
    [Anonymous Symbol]                       0x200000f0   Section        0  uart.o(.bss.g_uart0RxIndex)
    prvCheckForValidListAndQueue.ucStaticTimerQueueStorage 0x200000f4   Data         240  timers.o(.bss.prvCheckForValidListAndQueue.ucStaticTimerQueueStorage)
    [Anonymous Symbol]                       0x200000f4   Section        0  timers.o(.bss.prvCheckForValidListAndQueue.ucStaticTimerQueueStorage)
    prvCheckForValidListAndQueue.xStaticTimerQueue 0x200001e8   Data          80  timers.o(.bss.prvCheckForValidListAndQueue.xStaticTimerQueue)
    [Anonymous Symbol]                       0x200001e8   Section        0  timers.o(.bss.prvCheckForValidListAndQueue.xStaticTimerQueue)
    prvSampleTimeNow.xLastTime               0x20000238   Data           8  timers.o(.bss.prvSampleTimeNow.xLastTime)
    [Anonymous Symbol]                       0x20000238   Section        0  timers.o(.bss.prvSampleTimeNow.xLastTime)
    pvPortMalloc.pucAlignedHeap              0x20000240   Data           4  heap_1.o(.bss.pvPortMalloc.pucAlignedHeap)
    [Anonymous Symbol]                       0x20000240   Section        0  heap_1.o(.bss.pvPortMalloc.pucAlignedHeap)
    __tagsym$$used.1                         0x20000244   Number         0  tasks.o(.bss.pxCurrentTCB)
    pxCurrentTimerList                       0x20000248   Data           4  timers.o(.bss.pxCurrentTimerList)
    [Anonymous Symbol]                       0x20000248   Section        0  timers.o(.bss.pxCurrentTimerList)
    pxDelayedTaskList                        0x2000024c   Data           4  tasks.o(.bss.pxDelayedTaskList)
    [Anonymous Symbol]                       0x2000024c   Section        0  tasks.o(.bss.pxDelayedTaskList)
    pxOverflowDelayedTaskList                0x20000250   Data           4  tasks.o(.bss.pxOverflowDelayedTaskList)
    [Anonymous Symbol]                       0x20000250   Section        0  tasks.o(.bss.pxOverflowDelayedTaskList)
    pxOverflowTimerList                      0x20000254   Data           4  timers.o(.bss.pxOverflowTimerList)
    [Anonymous Symbol]                       0x20000254   Section        0  timers.o(.bss.pxOverflowTimerList)
    pxReadyTasksLists                        0x20000258   Data         120  tasks.o(.bss.pxReadyTasksLists)
    [Anonymous Symbol]                       0x20000258   Section        0  tasks.o(.bss.pxReadyTasksLists)
    ucHeap                                   0x200002d0   Data        8192  heap_1.o(.bss.ucHeap)
    [Anonymous Symbol]                       0x200002d0   Section        0  heap_1.o(.bss.ucHeap)
    ucMaxSysCallPriority                     0x200022d0   Data           1  port.o(.bss.ucMaxSysCallPriority)
    [Anonymous Symbol]                       0x200022d0   Section        0  port.o(.bss.ucMaxSysCallPriority)
    ulMaxPRIGROUPValue                       0x200022d4   Data           4  port.o(.bss.ulMaxPRIGROUPValue)
    [Anonymous Symbol]                       0x200022d4   Section        0  port.o(.bss.ulMaxPRIGROUPValue)
    uxCurrentNumberOfTasks                   0x200022d8   Data           4  tasks.o(.bss.uxCurrentNumberOfTasks)
    [Anonymous Symbol]                       0x200022d8   Section        0  tasks.o(.bss.uxCurrentNumberOfTasks)
    uxDeletedTasksWaitingCleanUp             0x200022dc   Data           4  tasks.o(.bss.uxDeletedTasksWaitingCleanUp)
    [Anonymous Symbol]                       0x200022dc   Section        0  tasks.o(.bss.uxDeletedTasksWaitingCleanUp)
    uxSchedulerSuspended                     0x200022e0   Data           4  tasks.o(.bss.uxSchedulerSuspended)
    [Anonymous Symbol]                       0x200022e0   Section        0  tasks.o(.bss.uxSchedulerSuspended)
    uxTaskNumber                             0x200022e4   Data           4  tasks.o(.bss.uxTaskNumber)
    [Anonymous Symbol]                       0x200022e4   Section        0  tasks.o(.bss.uxTaskNumber)
    uxTopReadyPriority                       0x200022e8   Data           4  tasks.o(.bss.uxTopReadyPriority)
    [Anonymous Symbol]                       0x200022e8   Section        0  tasks.o(.bss.uxTopReadyPriority)
    vApplicationGetIdleTaskMemory.uxIdleTaskStack 0x200022ec   Data         512  tasks.o(.bss.vApplicationGetIdleTaskMemory.uxIdleTaskStack)
    [Anonymous Symbol]                       0x200022ec   Section        0  tasks.o(.bss.vApplicationGetIdleTaskMemory.uxIdleTaskStack)
    vApplicationGetIdleTaskMemory.xIdleTaskTCB 0x200024f0   Data          96  tasks.o(.bss.vApplicationGetIdleTaskMemory.xIdleTaskTCB)
    [Anonymous Symbol]                       0x200024f0   Section        0  tasks.o(.bss.vApplicationGetIdleTaskMemory.xIdleTaskTCB)
    vApplicationGetTimerTaskMemory.uxTimerTaskStack 0x20002550   Data         512  tasks.o(.bss.vApplicationGetTimerTaskMemory.uxTimerTaskStack)
    [Anonymous Symbol]                       0x20002550   Section        0  tasks.o(.bss.vApplicationGetTimerTaskMemory.uxTimerTaskStack)
    vApplicationGetTimerTaskMemory.xTimerTaskTCB 0x20002750   Data          96  tasks.o(.bss.vApplicationGetTimerTaskMemory.xTimerTaskTCB)
    [Anonymous Symbol]                       0x20002750   Section        0  tasks.o(.bss.vApplicationGetTimerTaskMemory.xTimerTaskTCB)
    xActiveTimerList1                        0x200027b0   Data          24  timers.o(.bss.xActiveTimerList1)
    [Anonymous Symbol]                       0x200027b0   Section        0  timers.o(.bss.xActiveTimerList1)
    xActiveTimerList2                        0x200027c8   Data          24  timers.o(.bss.xActiveTimerList2)
    [Anonymous Symbol]                       0x200027c8   Section        0  timers.o(.bss.xActiveTimerList2)
    xDelayedTaskList1                        0x200027e0   Data          24  tasks.o(.bss.xDelayedTaskList1)
    [Anonymous Symbol]                       0x200027e0   Section        0  tasks.o(.bss.xDelayedTaskList1)
    xDelayedTaskList2                        0x200027f8   Data          24  tasks.o(.bss.xDelayedTaskList2)
    [Anonymous Symbol]                       0x200027f8   Section        0  tasks.o(.bss.xDelayedTaskList2)
    xIdleTaskHandles                         0x20002810   Data           4  tasks.o(.bss.xIdleTaskHandles)
    [Anonymous Symbol]                       0x20002810   Section        0  tasks.o(.bss.xIdleTaskHandles)
    xNextFreeByte                            0x20002814   Data           4  heap_1.o(.bss.xNextFreeByte)
    [Anonymous Symbol]                       0x20002814   Section        0  heap_1.o(.bss.xNextFreeByte)
    xNextTaskUnblockTime                     0x20002818   Data           8  tasks.o(.bss.xNextTaskUnblockTime)
    [Anonymous Symbol]                       0x20002818   Section        0  tasks.o(.bss.xNextTaskUnblockTime)
    xNumOfOverflows                          0x20002820   Data           4  tasks.o(.bss.xNumOfOverflows)
    [Anonymous Symbol]                       0x20002820   Section        0  tasks.o(.bss.xNumOfOverflows)
    xPendedTicks                             0x20002828   Data           8  tasks.o(.bss.xPendedTicks)
    [Anonymous Symbol]                       0x20002828   Section        0  tasks.o(.bss.xPendedTicks)
    xPendingReadyList                        0x20002830   Data          24  tasks.o(.bss.xPendingReadyList)
    [Anonymous Symbol]                       0x20002830   Section        0  tasks.o(.bss.xPendingReadyList)
    xSchedulerRunning                        0x20002848   Data           4  tasks.o(.bss.xSchedulerRunning)
    [Anonymous Symbol]                       0x20002848   Section        0  tasks.o(.bss.xSchedulerRunning)
    xSuspendedTaskList                       0x20002850   Data          24  tasks.o(.bss.xSuspendedTaskList)
    [Anonymous Symbol]                       0x20002850   Section        0  tasks.o(.bss.xSuspendedTaskList)
    xTasksWaitingTermination                 0x20002868   Data          24  tasks.o(.bss.xTasksWaitingTermination)
    [Anonymous Symbol]                       0x20002868   Section        0  tasks.o(.bss.xTasksWaitingTermination)
    xTickCount                               0x20002880   Data           8  tasks.o(.bss.xTickCount)
    [Anonymous Symbol]                       0x20002880   Section        0  tasks.o(.bss.xTickCount)
    xTimerQueue                              0x20002888   Data           4  timers.o(.bss.xTimerQueue)
    [Anonymous Symbol]                       0x20002888   Section        0  timers.o(.bss.xTimerQueue)
    xTimerTaskHandle                         0x2000288c   Data           4  timers.o(.bss.xTimerTaskHandle)
    [Anonymous Symbol]                       0x2000288c   Section        0  timers.o(.bss.xTimerTaskHandle)
    xYieldPendings                           0x20002894   Data           4  tasks.o(.bss.xYieldPendings)
    [Anonymous Symbol]                       0x20002894   Section        0  tasks.o(.bss.xYieldPendings)
    Heap_Mem                                 0x20002898   Data           0  startup_tm4c123.o(HEAP)
    Stack_Mem                                0x20002898   Data         512  startup_tm4c123.o(STACK)
    HEAP                                     0x20002898   Section        0  startup_tm4c123.o(HEAP)
    STACK                                    0x20002898   Section      512  startup_tm4c123.o(STACK)
    __initial_sp                             0x20002a98   Data           0  startup_tm4c123.o(STACK)

    Global Symbols

    Symbol Name                              Value     Ov Type        Size  Object(Section)

    BuildAttributes$$THM_ISAv4$E$P$D$K$B$S$7EM$VFPi3$EXTD16$VFPS$VFMA$PE$A:L22UL41UL21$X:L11$S22US41US21$IEEE1$IW$~IW$USESV6$~STKCKD$USESV7$~SHL$OSPACE$ROPI$EBA8$UX$STANDARDLIB$REQ8$PRES8$EABIv2 0x00000000   Number         0  anon$$obj.o ABSOLUTE
    __Vectors                                0x00000000   Data           4  startup_tm4c123.o(RESET)
    __ARM_exceptions_init                     - Undefined Weak Reference
    __alloca_initialize                       - Undefined Weak Reference
    __arm_preinit_                            - Undefined Weak Reference
    __arm_relocate_pie_                       - Undefined Weak Reference
    __cpp_initialize__aeabi_                  - Undefined Weak Reference
    __cxa_finalize                            - Undefined Weak Reference
    __rt_locale                               - Undefined Weak Reference
    __sigvec_lookup                           - Undefined Weak Reference
    _atexit_init                              - Undefined Weak Reference
    _call_atexit_fns                          - Undefined Weak Reference
    _clock_init                               - Undefined Weak Reference
    _fp_trap_init                             - Undefined Weak Reference
    _fp_trap_shutdown                         - Undefined Weak Reference
    _get_lc_collate                           - Undefined Weak Reference
    _get_lc_ctype                             - Undefined Weak Reference
    _get_lc_monetary                          - Undefined Weak Reference
    _get_lc_numeric                           - Undefined Weak Reference
    _get_lc_time                              - Undefined Weak Reference
    _getenv_init                              - Undefined Weak Reference
    _handle_redirection                       - Undefined Weak Reference
    _init_alloc                               - Undefined Weak Reference
    _init_user_alloc                          - Undefined Weak Reference
    _initio                                   - Undefined Weak Reference
    _rand_init                                - Undefined Weak Reference
    _signal_finish                            - Undefined Weak Reference
    _signal_init                              - Undefined Weak Reference
    _terminate_alloc                          - Undefined Weak Reference
    _terminate_user_alloc                     - Undefined Weak Reference
    _terminateio                              - Undefined Weak Reference
    __Vectors_End                            0x0000026c   Data           0  startup_tm4c123.o(RESET)
    __Vectors_Size                           0x0000026c   Number         0  startup_tm4c123.o ABSOLUTE
    __main                                   0x0000026d   Thumb Code     8  __main.o(!!!main)
    __scatterload                            0x00000275   Thumb Code     0  __scatter.o(!!!scatter)
    __scatterload_rt2                        0x00000275   Thumb Code    84  __scatter.o(!!!scatter)
    __scatterload_rt2_thumb_only             0x00000275   Thumb Code     0  __scatter.o(!!!scatter)
    __scatterload_loop                       0x0000027f   Thumb Code     0  __scatter.o(!!!scatter)
    __scatterload_copy                       0x000002d1   Thumb Code    26  __scatter_copy.o(!!handler_copy)
    __scatterload_null                       0x000002ed   Thumb Code     2  __scatter.o(!!handler_null)
    __scatterload_zeroinit                   0x000002f1   Thumb Code    28  __scatter_zi.o(!!handler_zi)
    __rt_lib_init                            0x0000030d   Thumb Code     0  libinit.o(.ARM.Collect$$libinit$$00000000)
    __rt_lib_init_fp_1                       0x0000030f   Thumb Code     0  libinit2.o(.ARM.Collect$$libinit$$00000001)
    __rt_lib_init_alloca_1                   0x00000313   Thumb Code     0  libinit2.o(.ARM.Collect$$libinit$$00000030)
    __rt_lib_init_argv_1                     0x00000313   Thumb Code     0  libinit2.o(.ARM.Collect$$libinit$$0000002E)
    __rt_lib_init_atexit_1                   0x00000313   Thumb Code     0  libinit2.o(.ARM.Collect$$libinit$$0000001D)
    __rt_lib_init_clock_1                    0x00000313   Thumb Code     0  libinit2.o(.ARM.Collect$$libinit$$00000023)
    __rt_lib_init_cpp_1                      0x00000313   Thumb Code     0  libinit2.o(.ARM.Collect$$libinit$$00000034)
    __rt_lib_init_exceptions_1               0x00000313   Thumb Code     0  libinit2.o(.ARM.Collect$$libinit$$00000032)
    __rt_lib_init_fp_trap_1                  0x00000313   Thumb Code     0  libinit2.o(.ARM.Collect$$libinit$$00000021)
    __rt_lib_init_getenv_1                   0x00000313   Thumb Code     0  libinit2.o(.ARM.Collect$$libinit$$00000025)
    __rt_lib_init_heap_1                     0x00000313   Thumb Code     0  libinit2.o(.ARM.Collect$$libinit$$0000000C)
    __rt_lib_init_lc_collate_1               0x00000313   Thumb Code     0  libinit2.o(.ARM.Collect$$libinit$$00000013)
    __rt_lib_init_lc_ctype_1                 0x00000313   Thumb Code     0  libinit2.o(.ARM.Collect$$libinit$$00000015)
    __rt_lib_init_lc_monetary_1              0x00000313   Thumb Code     0  libinit2.o(.ARM.Collect$$libinit$$00000017)
    __rt_lib_init_lc_numeric_1               0x00000313   Thumb Code     0  libinit2.o(.ARM.Collect$$libinit$$00000019)
    __rt_lib_init_lc_time_1                  0x00000313   Thumb Code     0  libinit2.o(.ARM.Collect$$libinit$$0000001B)
    __rt_lib_init_preinit_1                  0x00000313   Thumb Code     0  libinit2.o(.ARM.Collect$$libinit$$00000006)
    __rt_lib_init_rand_1                     0x00000313   Thumb Code     0  libinit2.o(.ARM.Collect$$libinit$$00000010)
    __rt_lib_init_relocate_pie_1             0x00000313   Thumb Code     0  libinit2.o(.ARM.Collect$$libinit$$00000004)
    __rt_lib_init_return                     0x00000313   Thumb Code     0  libinit2.o(.ARM.Collect$$libinit$$00000035)
    __rt_lib_init_signal_1                   0x00000313   Thumb Code     0  libinit2.o(.ARM.Collect$$libinit$$0000001F)
    __rt_lib_init_stdio_1                    0x00000313   Thumb Code     0  libinit2.o(.ARM.Collect$$libinit$$00000027)
    __rt_lib_init_user_alloc_1               0x00000313   Thumb Code     0  libinit2.o(.ARM.Collect$$libinit$$0000000E)
    __rt_lib_shutdown                        0x00000315   Thumb Code     0  libshutdown.o(.ARM.Collect$$libshutdown$$00000000)
    __rt_lib_shutdown_cpp_1                  0x00000317   Thumb Code     0  libshutdown2.o(.ARM.Collect$$libshutdown$$00000002)
    __rt_lib_shutdown_fp_trap_1              0x00000317   Thumb Code     0  libshutdown2.o(.ARM.Collect$$libshutdown$$00000007)
    __rt_lib_shutdown_heap_1                 0x00000317   Thumb Code     0  libshutdown2.o(.ARM.Collect$$libshutdown$$0000000F)
    __rt_lib_shutdown_return                 0x00000317   Thumb Code     0  libshutdown2.o(.ARM.Collect$$libshutdown$$00000010)
    __rt_lib_shutdown_signal_1               0x00000317   Thumb Code     0  libshutdown2.o(.ARM.Collect$$libshutdown$$0000000A)
    __rt_lib_shutdown_stdio_1                0x00000317   Thumb Code     0  libshutdown2.o(.ARM.Collect$$libshutdown$$00000004)
    __rt_lib_shutdown_user_alloc_1           0x00000317   Thumb Code     0  libshutdown2.o(.ARM.Collect$$libshutdown$$0000000C)
    __rt_entry                               0x00000319   Thumb Code     0  __rtentry.o(.ARM.Collect$$rtentry$$00000000)
    __rt_entry_presh_1                       0x00000319   Thumb Code     0  __rtentry2.o(.ARM.Collect$$rtentry$$00000002)
    __rt_entry_sh                            0x00000319   Thumb Code     0  __rtentry4.o(.ARM.Collect$$rtentry$$00000004)
    __rt_entry_li                            0x0000031f   Thumb Code     0  __rtentry2.o(.ARM.Collect$$rtentry$$0000000A)
    __rt_entry_postsh_1                      0x0000031f   Thumb Code     0  __rtentry2.o(.ARM.Collect$$rtentry$$00000009)
    __rt_entry_main                          0x00000323   Thumb Code     0  __rtentry2.o(.ARM.Collect$$rtentry$$0000000D)
    __rt_entry_postli_1                      0x00000323   Thumb Code     0  __rtentry2.o(.ARM.Collect$$rtentry$$0000000C)
    __rt_exit                                0x0000032b   Thumb Code     0  rtexit.o(.ARM.Collect$$rtexit$$00000000)
    __rt_exit_ls                             0x0000032d   Thumb Code     0  rtexit2.o(.ARM.Collect$$rtexit$$00000003)
    __rt_exit_prels_1                        0x0000032d   Thumb Code     0  rtexit2.o(.ARM.Collect$$rtexit$$00000002)
    __rt_exit_exit                           0x00000331   Thumb Code     0  rtexit2.o(.ARM.Collect$$rtexit$$00000004)
    Reset_Handler                            0x00000339   Thumb Code     8  startup_tm4c123.o(.text)
    NMI_Handler                              0x00000341   Thumb Code     2  startup_tm4c123.o(.text)
    HardFault_Handler                        0x00000343   Thumb Code     2  startup_tm4c123.o(.text)
    MemManage_Handler                        0x00000345   Thumb Code     2  startup_tm4c123.o(.text)
    BusFault_Handler                         0x00000347   Thumb Code     2  startup_tm4c123.o(.text)
    UsageFault_Handler                       0x00000349   Thumb Code     2  startup_tm4c123.o(.text)
    DebugMon_Handler                         0x0000034b   Thumb Code     2  startup_tm4c123.o(.text)
    GPIOA_Handler                            0x0000034d   Thumb Code     2  startup_tm4c123.o(.text)
    GPIOB_Handler                            0x0000034f   Thumb Code     2  startup_tm4c123.o(.text)
    GPIOC_Handler                            0x00000351   Thumb Code     2  startup_tm4c123.o(.text)
    GPIOD_Handler                            0x00000353   Thumb Code     2  startup_tm4c123.o(.text)
    GPIOE_Handler                            0x00000355   Thumb Code     2  startup_tm4c123.o(.text)
    UART1_Handler                            0x00000359   Thumb Code     2  startup_tm4c123.o(.text)
    SSI0_Handler                             0x0000035b   Thumb Code     2  startup_tm4c123.o(.text)
    I2C0_Handler                             0x0000035d   Thumb Code     2  startup_tm4c123.o(.text)
    PMW0_FAULT_Handler                       0x0000035f   Thumb Code     2  startup_tm4c123.o(.text)
    PWM0_0_Handler                           0x00000361   Thumb Code     2  startup_tm4c123.o(.text)
    PWM0_1_Handler                           0x00000363   Thumb Code     2  startup_tm4c123.o(.text)
    PWM0_2_Handler                           0x00000365   Thumb Code     2  startup_tm4c123.o(.text)
    QEI0_Handler                             0x00000367   Thumb Code     2  startup_tm4c123.o(.text)
    ADC0SS0_Handler                          0x00000369   Thumb Code     2  startup_tm4c123.o(.text)
    ADC0SS1_Handler                          0x0000036b   Thumb Code     2  startup_tm4c123.o(.text)
    ADC0SS2_Handler                          0x0000036d   Thumb Code     2  startup_tm4c123.o(.text)
    ADC0SS3_Handler                          0x0000036f   Thumb Code     2  startup_tm4c123.o(.text)
    WDT0_Handler                             0x00000371   Thumb Code     2  startup_tm4c123.o(.text)
    TIMER0A_Handler                          0x00000373   Thumb Code     2  startup_tm4c123.o(.text)
    TIMER0B_Handler                          0x00000375   Thumb Code     2  startup_tm4c123.o(.text)
    TIMER1A_Handler                          0x00000377   Thumb Code     2  startup_tm4c123.o(.text)
    TIMER1B_Handler                          0x00000379   Thumb Code     2  startup_tm4c123.o(.text)
    TIMER2A_Handler                          0x0000037b   Thumb Code     2  startup_tm4c123.o(.text)
    TIMER2B_Handler                          0x0000037d   Thumb Code     2  startup_tm4c123.o(.text)
    COMP0_Handler                            0x0000037f   Thumb Code     2  startup_tm4c123.o(.text)
    COMP1_Handler                            0x00000381   Thumb Code     2  startup_tm4c123.o(.text)
    COMP2_Handler                            0x00000383   Thumb Code     2  startup_tm4c123.o(.text)
    SYSCTL_Handler                           0x00000385   Thumb Code     2  startup_tm4c123.o(.text)
    FLASH_Handler                            0x00000387   Thumb Code     2  startup_tm4c123.o(.text)
    GPIOF_Handler                            0x00000389   Thumb Code     2  startup_tm4c123.o(.text)
    GPIOG_Handler                            0x0000038b   Thumb Code     2  startup_tm4c123.o(.text)
    GPIOH_Handler                            0x0000038d   Thumb Code     2  startup_tm4c123.o(.text)
    UART2_Handler                            0x0000038f   Thumb Code     2  startup_tm4c123.o(.text)
    SSI1_Handler                             0x00000391   Thumb Code     2  startup_tm4c123.o(.text)
    TIMER3A_Handler                          0x00000393   Thumb Code     2  startup_tm4c123.o(.text)
    TIMER3B_Handler                          0x00000395   Thumb Code     2  startup_tm4c123.o(.text)
    I2C1_Handler                             0x00000397   Thumb Code     2  startup_tm4c123.o(.text)
    QEI1_Handler                             0x00000399   Thumb Code     2  startup_tm4c123.o(.text)
    CAN0_Handler                             0x0000039b   Thumb Code     2  startup_tm4c123.o(.text)
    CAN1_Handler                             0x0000039d   Thumb Code     2  startup_tm4c123.o(.text)
    CAN2_Handler                             0x0000039f   Thumb Code     2  startup_tm4c123.o(.text)
    HIB_Handler                              0x000003a1   Thumb Code     2  startup_tm4c123.o(.text)
    USB0_Handler                             0x000003a3   Thumb Code     2  startup_tm4c123.o(.text)
    PWM0_3_Handler                           0x000003a5   Thumb Code     2  startup_tm4c123.o(.text)
    UDMA_Handler                             0x000003a7   Thumb Code     2  startup_tm4c123.o(.text)
    UDMAERR_Handler                          0x000003a9   Thumb Code     2  startup_tm4c123.o(.text)
    ADC1SS0_Handler                          0x000003ab   Thumb Code     2  startup_tm4c123.o(.text)
    ADC1SS1_Handler                          0x000003ad   Thumb Code     2  startup_tm4c123.o(.text)
    ADC1SS2_Handler                          0x000003af   Thumb Code     2  startup_tm4c123.o(.text)
    ADC1SS3_Handler                          0x000003b1   Thumb Code     2  startup_tm4c123.o(.text)
    GPIOJ_Handler                            0x000003b3   Thumb Code     2  startup_tm4c123.o(.text)
    GPIOK_Handler                            0x000003b5   Thumb Code     2  startup_tm4c123.o(.text)
    GPIOL_Handler                            0x000003b7   Thumb Code     2  startup_tm4c123.o(.text)
    SSI2_Handler                             0x000003b9   Thumb Code     2  startup_tm4c123.o(.text)
    SSI3_Handler                             0x000003bb   Thumb Code     2  startup_tm4c123.o(.text)
    UART3_Handler                            0x000003bd   Thumb Code     2  startup_tm4c123.o(.text)
    UART4_Handler                            0x000003bf   Thumb Code     2  startup_tm4c123.o(.text)
    UART5_Handler                            0x000003c1   Thumb Code     2  startup_tm4c123.o(.text)
    UART6_Handler                            0x000003c3   Thumb Code     2  startup_tm4c123.o(.text)
    UART7_Handler                            0x000003c5   Thumb Code     2  startup_tm4c123.o(.text)
    I2C2_Handler                             0x000003c7   Thumb Code     2  startup_tm4c123.o(.text)
    I2C3_Handler                             0x000003c9   Thumb Code     2  startup_tm4c123.o(.text)
    TIMER4A_Handler                          0x000003cb   Thumb Code     2  startup_tm4c123.o(.text)
    TIMER4B_Handler                          0x000003cd   Thumb Code     2  startup_tm4c123.o(.text)
    TIMER5A_Handler                          0x000003cf   Thumb Code     2  startup_tm4c123.o(.text)
    TIMER5B_Handler                          0x000003d1   Thumb Code     2  startup_tm4c123.o(.text)
    WTIMER0A_Handler                         0x000003d3   Thumb Code     2  startup_tm4c123.o(.text)
    WTIMER0B_Handler                         0x000003d5   Thumb Code     2  startup_tm4c123.o(.text)
    WTIMER1A_Handler                         0x000003d7   Thumb Code     2  startup_tm4c123.o(.text)
    WTIMER1B_Handler                         0x000003d9   Thumb Code     2  startup_tm4c123.o(.text)
    WTIMER2A_Handler                         0x000003db   Thumb Code     2  startup_tm4c123.o(.text)
    WTIMER2B_Handler                         0x000003dd   Thumb Code     2  startup_tm4c123.o(.text)
    WTIMER3A_Handler                         0x000003df   Thumb Code     2  startup_tm4c123.o(.text)
    WTIMER3B_Handler                         0x000003e1   Thumb Code     2  startup_tm4c123.o(.text)
    WTIMER4A_Handler                         0x000003e3   Thumb Code     2  startup_tm4c123.o(.text)
    WTIMER4B_Handler                         0x000003e5   Thumb Code     2  startup_tm4c123.o(.text)
    WTIMER5A_Handler                         0x000003e7   Thumb Code     2  startup_tm4c123.o(.text)
    WTIMER5B_Handler                         0x000003e9   Thumb Code     2  startup_tm4c123.o(.text)
    FPU_Handler                              0x000003eb   Thumb Code     2  startup_tm4c123.o(.text)
    I2C4_Handler                             0x000003ed   Thumb Code     2  startup_tm4c123.o(.text)
    I2C5_Handler                             0x000003ef   Thumb Code     2  startup_tm4c123.o(.text)
    GPIOM_Handler                            0x000003f1   Thumb Code     2  startup_tm4c123.o(.text)
    GPION_Handler                            0x000003f3   Thumb Code     2  startup_tm4c123.o(.text)
    QEI2_Handler                             0x000003f5   Thumb Code     2  startup_tm4c123.o(.text)
    GPIOP0_Handler                           0x000003f7   Thumb Code     2  startup_tm4c123.o(.text)
    GPIOP1_Handler                           0x000003f9   Thumb Code     2  startup_tm4c123.o(.text)
    GPIOP2_Handler                           0x000003fb   Thumb Code     2  startup_tm4c123.o(.text)
    GPIOP3_Handler                           0x000003fd   Thumb Code     2  startup_tm4c123.o(.text)
    GPIOP4_Handler                           0x000003ff   Thumb Code     2  startup_tm4c123.o(.text)
    GPIOP5_Handler                           0x00000401   Thumb Code     2  startup_tm4c123.o(.text)
    GPIOP6_Handler                           0x00000403   Thumb Code     2  startup_tm4c123.o(.text)
    GPIOP7_Handler                           0x00000405   Thumb Code     2  startup_tm4c123.o(.text)
    GPIOQ0_Handler                           0x00000407   Thumb Code     2  startup_tm4c123.o(.text)
    GPIOQ1_Handler                           0x00000409   Thumb Code     2  startup_tm4c123.o(.text)
    GPIOQ2_Handler                           0x0000040b   Thumb Code     2  startup_tm4c123.o(.text)
    GPIOQ3_Handler                           0x0000040d   Thumb Code     2  startup_tm4c123.o(.text)
    GPIOQ4_Handler                           0x0000040f   Thumb Code     2  startup_tm4c123.o(.text)
    GPIOQ5_Handler                           0x00000411   Thumb Code     2  startup_tm4c123.o(.text)
    GPIOQ6_Handler                           0x00000413   Thumb Code     2  startup_tm4c123.o(.text)
    GPIOQ7_Handler                           0x00000415   Thumb Code     2  startup_tm4c123.o(.text)
    GPIOR_Handler                            0x00000417   Thumb Code     2  startup_tm4c123.o(.text)
    GPIOS_Handler                            0x00000419   Thumb Code     2  startup_tm4c123.o(.text)
    PMW1_0_Handler                           0x0000041b   Thumb Code     2  startup_tm4c123.o(.text)
    PWM1_1_Handler                           0x0000041d   Thumb Code     2  startup_tm4c123.o(.text)
    PWM1_2_Handler                           0x0000041f   Thumb Code     2  startup_tm4c123.o(.text)
    PWM1_3_Handler                           0x00000421   Thumb Code     2  startup_tm4c123.o(.text)
    PWM1_FAULT_Handler                       0x00000423   Thumb Code     2  startup_tm4c123.o(.text)
    __user_initial_stackheap                 0x00000425   Thumb Code     0  startup_tm4c123.o(.text)
    __aeabi_memcpy                           0x00000445   Thumb Code     0  rt_memcpy_v6.o(.text)
    __rt_memcpy                              0x00000445   Thumb Code   138  rt_memcpy_v6.o(.text)
    _memcpy_lastbytes                        0x000004ab   Thumb Code     0  rt_memcpy_v6.o(.text)
    __aeabi_memclr                           0x000004cf   Thumb Code     0  rt_memclr.o(.text)
    __rt_memclr                              0x000004cf   Thumb Code     0  rt_memclr.o(.text)
    _memset                                  0x000004d3   Thumb Code    64  rt_memclr.o(.text)
    __use_two_region_memory                  0x00000513   Thumb Code     2  heapauxi.o(.text)
    __rt_heap_escrow$2region                 0x00000515   Thumb Code     2  heapauxi.o(.text)
    __rt_heap_expand$2region                 0x00000517   Thumb Code     2  heapauxi.o(.text)
    __aeabi_memcpy4                          0x00000519   Thumb Code     0  rt_memcpy_w.o(.text)
    __aeabi_memcpy8                          0x00000519   Thumb Code     0  rt_memcpy_w.o(.text)
    __rt_memcpy_w                            0x00000519   Thumb Code   100  rt_memcpy_w.o(.text)
    _memcpy_lastbytes_aligned                0x00000561   Thumb Code     0  rt_memcpy_w.o(.text)
    __aeabi_memclr4                          0x0000057d   Thumb Code     0  rt_memclr_w.o(.text)
    __aeabi_memclr8                          0x0000057d   Thumb Code     0  rt_memclr_w.o(.text)
    __rt_memclr_w                            0x0000057d   Thumb Code     0  rt_memclr_w.o(.text)
    _memset_w                                0x00000581   Thumb Code    74  rt_memclr_w.o(.text)
    __user_setup_stackheap                   0x000005cb   Thumb Code    74  sys_stackheap_outer.o(.text)
    exit                                     0x00000615   Thumb Code    18  exit.o(.text)
    __user_libspace                          0x00000629   Thumb Code     8  libspace.o(.text)
    __user_perproc_libspace                  0x00000629   Thumb Code     0  libspace.o(.text)
    __user_perthread_libspace                0x00000629   Thumb Code     0  libspace.o(.text)
    _sys_exit                                0x00000631   Thumb Code     8  sys_exit.o(.text)
    __I$use$semihosting                      0x0000063d   Thumb Code     0  use_no_semi.o(.text)
    __use_no_semihosting_swi                 0x0000063d   Thumb Code     2  use_no_semi.o(.text)
    __semihosting_library_function           0x0000063f   Thumb Code     0  indicate_semi.o(.text)
    ADCIntClear                              0x00000641   Thumb Code    20  adc.o(.text.ADCIntClear)
    ADCIntStatus                             0x00000655   Thumb Code   100  adc.o(.text.ADCIntStatus)
    ADCPhaseDelaySet                         0x000006b9   Thumb Code    16  adc.o(.text.ADCPhaseDelaySet)
    ADCProcessorTrigger                      0x000006c9   Thumb Code    38  adc.o(.text.ADCProcessorTrigger)
    ADCSequenceConfigure                     0x000006f1   Thumb Code   136  adc.o(.text.ADCSequenceConfigure)
    ADCSequenceDataGet                       0x00000779   Thumb Code    90  adc.o(.text.ADCSequenceDataGet)
    ADCSequenceDisable                       0x000007d5   Thumb Code    26  adc.o(.text.ADCSequenceDisable)
    ADCSequenceEnable                        0x000007f1   Thumb Code    26  adc.o(.text.ADCSequenceEnable)
    ADCSequenceStepConfigure                 0x0000080d   Thumb Code   226  adc.o(.text.ADCSequenceStepConfigure)
    GPIODirModeSet                           0x000008f1   Thumb Code   116  gpio.o(.text.GPIODirModeSet)
    GPIOPadConfigSet                         0x00000965   Thumb Code   730  gpio.o(.text.GPIOPadConfigSet)
    GPIOPinTypeADC                           0x00000c41   Thumb Code    42  gpio.o(.text.GPIOPinTypeADC)
    GPIOPinTypeGPIOOutput                    0x00000c6d   Thumb Code    42  gpio.o(.text.GPIOPinTypeGPIOOutput)
    GPIOPinWrite                             0x00000c99   Thumb Code    30  gpio.o(.text.GPIOPinWrite)
    Init_SharedResources                     0x00000cb9   Thumb Code    66  init.o(.text.Init_SharedResources)
    Init_SystemClock                         0x00000cfd   Thumb Code    16  init.o(.text.Init_SystemClock)
    LedBuiltin_Init                          0x00000d0d   Thumb Code    48  led_builtin.o(.text.LedBuiltin_Init)
    LedBuiltin_Set                           0x00000d3d   Thumb Code    40  led_builtin.o(.text.LedBuiltin_Set)
    LightingHal_Init                         0x00000d65   Thumb Code   170  lighting_hal.o(.text.LightingHal_Init)
    LightingHal_ReadAmbient                  0x00000e11   Thumb Code   106  lighting_hal.o(.text.LightingHal_ReadAmbient)
    LightingHal_SetOutput                    0x00000e7d   Thumb Code    24  lighting_hal.o(.text.LightingHal_SetOutput)
    SysCtlClockSet                           0x00001115   Thumb Code   590  sysctl.o(.text.SysCtlClockSet)
    SysCtlDelay                              0x00001365   Thumb Code     8  sysctl.o(.text.SysCtlDelay)
    SysCtlPeripheralEnable                   0x0000136d   Thumb Code    34  sysctl.o(.text.SysCtlPeripheralEnable)
    SysCtlPeripheralReady                    0x00001391   Thumb Code    38  sysctl.o(.text.SysCtlPeripheralReady)
    SystemInit                               0x000013b9   Thumb Code   228  system_tm4c123.o(.text.SystemInit)
    UART0_Handler                            0x0000149d   Thumb Code   258  uart.o(.text.UART0_Handler)
    UART0_WriteChar                          0x000015a1   Thumb Code    46  uart.o(.text.UART0_WriteChar)
    UART0_WriteString                        0x000015d1   Thumb Code    62  uart.o(.text.UART0_WriteString)
    UART_Init                                0x00001611   Thumb Code   176  uart.o(.text.UART_Init)
    UART_config                              0x000016c1   Thumb Code   150  uart.o(.text.UART_config)
    main                                     0x00001759   Thumb Code   170  main.o(.text.main)
    pvPortMalloc                             0x000028b5   Thumb Code   200  heap_1.o(.text.pvPortMalloc)
    pvTaskIncrementMutexHeldCount            0x0000297d   Thumb Code    36  tasks.o(.text.pvTaskIncrementMutexHeldCount)
    pxPortInitialiseStack                    0x000029a1   Thumb Code    94  port.o(.text.pxPortInitialiseStack)
    uxListRemove                             0x00002ad1   Thumb Code    72  list.o(.text.uxListRemove)
    vApplicationGetIdleTaskMemory            0x00002b19   Thumb Code    42  tasks.o(.text.vApplicationGetIdleTaskMemory)
    vApplicationGetTimerTaskMemory           0x00002b45   Thumb Code    42  tasks.o(.text.vApplicationGetTimerTaskMemory)
    vLightingTask                            0x00002b71   Thumb Code   272  lighting_task.o(.text.vLightingTask)
    vListInitialise                          0x00002c81   Thumb Code    48  list.o(.text.vListInitialise)
    vListInitialiseItem                      0x00002cb1   Thumb Code    14  list.o(.text.vListInitialiseItem)
    vListInsert                              0x00002cc1   Thumb Code   120  list.o(.text.vListInsert)
    vOvenTask                                0x00002d39   Thumb Code   288  oven_task.o(.text.vOvenTask)
    vPortEnterCritical                       0x00002e6d   Thumb Code    86  port.o(.text.vPortEnterCritical)
    vPortExitCritical                        0x00002ec5   Thumb Code    74  port.o(.text.vPortExitCritical)
    vPortFree                                0x00002f11   Thumb Code    36  heap_1.o(.text.vPortFree)
    vPortSVCHandler                          0x00002f35   Thumb Code    32  port.o(.text.vPortSVCHandler)
    vPortSetupTimerInterrupt                 0x00002f55   Thumb Code    42  port.o(.text.vPortSetupTimerInterrupt)
    vQueueWaitForMessageRestricted           0x00002f81   Thumb Code   110  queue.o(.text.vQueueWaitForMessageRestricted)
    vTaskDelay                               0x00002ff1   Thumb Code   120  tasks.o(.text.vTaskDelay)
    vTaskInternalSetTimeOutState             0x00003069   Thumb Code    40  tasks.o(.text.vTaskInternalSetTimeOutState)
    vTaskMissedYield                         0x00003091   Thumb Code    14  tasks.o(.text.vTaskMissedYield)
    vTaskPlaceOnEventList                    0x000030a1   Thumb Code    70  tasks.o(.text.vTaskPlaceOnEventList)
    vTaskPlaceOnEventListRestricted          0x000030e9   Thumb Code   134  tasks.o(.text.vTaskPlaceOnEventListRestricted)
    vTaskPriorityDisinheritAfterTimeout      0x00003171   Thumb Code   398  tasks.o(.text.vTaskPriorityDisinheritAfterTimeout)
    vTaskStartScheduler                      0x00003301   Thumb Code   148  tasks.o(.text.vTaskStartScheduler)
    vTaskSuspendAll                          0x00003395   Thumb Code    16  tasks.o(.text.vTaskSuspendAll)
    vTaskSwitchContext                       0x000033a5   Thumb Code   214  tasks.o(.text.vTaskSwitchContext)
    vUART_task                               0x0000347d   Thumb Code   446  uart_task.o(.text.vUART_task)
    xPortPendSVHandler                       0x0000363d   Thumb Code    96  port.o(.text.xPortPendSVHandler)
    xPortStartScheduler                      0x0000369d   Thumb Code   500  port.o(.text.xPortStartScheduler)
    xPortSysTickHandler                      0x00003891   Thumb Code    62  port.o(.text.xPortSysTickHandler)
    xQueueCreateMutex                        0x000038d1   Thumb Code    38  queue.o(.text.xQueueCreateMutex)
    xQueueGenericCreate                      0x000038f9   Thumb Code   162  queue.o(.text.xQueueGenericCreate)
    xQueueGenericCreateStatic                0x0000399d   Thumb Code   200  queue.o(.text.xQueueGenericCreateStatic)
    xQueueGenericReset                       0x00003a65   Thumb Code   264  queue.o(.text.xQueueGenericReset)
    xQueueGenericSend                        0x00003b6d   Thumb Code   570  queue.o(.text.xQueueGenericSend)
    xQueueReceive                            0x00003da9   Thumb Code   488  queue.o(.text.xQueueReceive)
    xQueueSemaphoreTake                      0x00003f91   Thumb Code   540  queue.o(.text.xQueueSemaphoreTake)
    xTaskCheckForTimeOut                     0x000041ad   Thumb Code   254  tasks.o(.text.xTaskCheckForTimeOut)
    xTaskCreate                              0x000042ad   Thumb Code    82  tasks.o(.text.xTaskCreate)
    xTaskCreateStatic                        0x00004301   Thumb Code    92  tasks.o(.text.xTaskCreateStatic)
    xTaskDelayUntil                          0x0000435d   Thumb Code   338  tasks.o(.text.xTaskDelayUntil)
    xTaskGetSchedulerState                   0x000044b1   Thumb Code    56  tasks.o(.text.xTaskGetSchedulerState)
    xTaskGetTickCount                        0x000044e9   Thumb Code    36  tasks.o(.text.xTaskGetTickCount)
    xTaskIncrementTick                       0x0000450d   Thumb Code   690  tasks.o(.text.xTaskIncrementTick)
    xTaskPriorityDisinherit                  0x000047c1   Thumb Code   324  tasks.o(.text.xTaskPriorityDisinherit)
    xTaskPriorityInherit                     0x00004905   Thumb Code   360  tasks.o(.text.xTaskPriorityInherit)
    xTaskRemoveFromEventList                 0x00004a6d   Thumb Code   432  tasks.o(.text.xTaskRemoveFromEventList)
    xTaskResumeAll                           0x00004c1d   Thumb Code   620  tasks.o(.text.xTaskResumeAll)
    xTimerCreateTimerTask                    0x00004e89   Thumb Code   148  timers.o(.text.xTimerCreateTimerTask)
    _fp_init                                 0x00004f1d   Thumb Code    26  fpinit.o(x$fpl$fpinit)
    __fplib_config_fpu_vfp                   0x00004f35   Thumb Code     0  fpinit.o(x$fpl$fpinit)
    __fplib_config_pureend_doubles           0x00004f35   Thumb Code     0  fpinit.o(x$fpl$fpinit)
    Region$$Table$$Base                      0x000050fc   Number         0  anon$$obj.o(Region$$Table)
    Region$$Table$$Limit                     0x0000511c   Number         0  anon$$obj.o(Region$$Table)
    __libspace_start                         0x20000008   Data          96  libspace.o(.bss)
    __temporary_stack_top$libspace           0x20000068   Data           0  libspace.o(.bss)
    g_SystemState                            0x20000068   Data           4  shared_state.o(.bss.g_SystemState)
    pxCurrentTCB                             0x20000244   Data           4  tasks.o(.bss.pxCurrentTCB)
    xSharedStateMutex                        0x2000284c   Data           4  shared_state.o(.bss.xSharedStateMutex)
    xUARTQueue                               0x20002890   Data           4  shared_state.o(.bss.xUARTQueue)



==============================================================================

Memory Map of the image

  Image Entry point : 0x00000339

  Load Region LR_1 (Base: 0x00000000, Size: 0x00005120, Max: 0xffffffff, ABSOLUTE)

    Execution Region ER_RO (Exec base: 0x00000000, Load base: 0x00000000, Size: 0x0000511c, Max: 0xffffffff, ABSOLUTE)

    Exec Addr    Load Addr    Size         Type   Attr      Idx    E Section Name        Object

    0x00000000   0x00000000   0x0000026c   Data   RO          554    RESET               startup_tm4c123.o
    0x0000026c   0x0000026c   0x00000008   Code   RO         1653  * !!!main             c_w.l(__main.o)
    0x00000274   0x00000274   0x0000005c   Code   RO         1822    !!!scatter          c_w.l(__scatter.o)
    0x000002d0   0x000002d0   0x0000001a   Code   RO         1826    !!handler_copy      c_w.l(__scatter_copy.o)
    0x000002ea   0x000002ea   0x00000002   PAD
    0x000002ec   0x000002ec   0x00000002   Code   RO         1823    !!handler_null      c_w.l(__scatter.o)
    0x000002ee   0x000002ee   0x00000002   PAD
    0x000002f0   0x000002f0   0x0000001c   Code   RO         1828    !!handler_zi        c_w.l(__scatter_zi.o)
    0x0000030c   0x0000030c   0x00000002   Code   RO         1684    .ARM.Collect$$libinit$$00000000  c_w.l(libinit.o)
    0x0000030e   0x0000030e   0x00000004   Code   RO         1690    .ARM.Collect$$libinit$$00000001  c_w.l(libinit2.o)
    0x00000312   0x00000312   0x00000000   Code   RO         1693    .ARM.Collect$$libinit$$00000004  c_w.l(libinit2.o)
    0x00000312   0x00000312   0x00000000   Code   RO         1695    .ARM.Collect$$libinit$$00000006  c_w.l(libinit2.o)
    0x00000312   0x00000312   0x00000000   Code   RO         1698    .ARM.Collect$$libinit$$0000000C  c_w.l(libinit2.o)
    0x00000312   0x00000312   0x00000000   Code   RO         1700    .ARM.Collect$$libinit$$0000000E  c_w.l(libinit2.o)
    0x00000312   0x00000312   0x00000000   Code   RO         1702    .ARM.Collect$$libinit$$00000010  c_w.l(libinit2.o)
    0x00000312   0x00000312   0x00000000   Code   RO         1705    .ARM.Collect$$libinit$$00000013  c_w.l(libinit2.o)
    0x00000312   0x00000312   0x00000000   Code   RO         1707    .ARM.Collect$$libinit$$00000015  c_w.l(libinit2.o)
    0x00000312   0x00000312   0x00000000   Code   RO         1709    .ARM.Collect$$libinit$$00000017  c_w.l(libinit2.o)
    0x00000312   0x00000312   0x00000000   Code   RO         1711    .ARM.Collect$$libinit$$00000019  c_w.l(libinit2.o)
    0x00000312   0x00000312   0x00000000   Code   RO         1713    .ARM.Collect$$libinit$$0000001B  c_w.l(libinit2.o)
    0x00000312   0x00000312   0x00000000   Code   RO         1715    .ARM.Collect$$libinit$$0000001D  c_w.l(libinit2.o)
    0x00000312   0x00000312   0x00000000   Code   RO         1717    .ARM.Collect$$libinit$$0000001F  c_w.l(libinit2.o)
    0x00000312   0x00000312   0x00000000   Code   RO         1719    .ARM.Collect$$libinit$$00000021  c_w.l(libinit2.o)
    0x00000312   0x00000312   0x00000000   Code   RO         1721    .ARM.Collect$$libinit$$00000023  c_w.l(libinit2.o)
    0x00000312   0x00000312   0x00000000   Code   RO         1723    .ARM.Collect$$libinit$$00000025  c_w.l(libinit2.o)
    0x00000312   0x00000312   0x00000000   Code   RO         1725    .ARM.Collect$$libinit$$00000027  c_w.l(libinit2.o)
    0x00000312   0x00000312   0x00000000   Code   RO         1729    .ARM.Collect$$libinit$$0000002E  c_w.l(libinit2.o)
    0x00000312   0x00000312   0x00000000   Code   RO         1731    .ARM.Collect$$libinit$$00000030  c_w.l(libinit2.o)
    0x00000312   0x00000312   0x00000000   Code   RO         1733    .ARM.Collect$$libinit$$00000032  c_w.l(libinit2.o)
    0x00000312   0x00000312   0x00000000   Code   RO         1735    .ARM.Collect$$libinit$$00000034  c_w.l(libinit2.o)
    0x00000312   0x00000312   0x00000002   Code   RO         1736    .ARM.Collect$$libinit$$00000035  c_w.l(libinit2.o)
    0x00000314   0x00000314   0x00000002   Code   RO         1758    .ARM.Collect$$libshutdown$$00000000  c_w.l(libshutdown.o)
    0x00000316   0x00000316   0x00000000   Code   RO         1773    .ARM.Collect$$libshutdown$$00000002  c_w.l(libshutdown2.o)
    0x00000316   0x00000316   0x00000000   Code   RO         1775    .ARM.Collect$$libshutdown$$00000004  c_w.l(libshutdown2.o)
    0x00000316   0x00000316   0x00000000   Code   RO         1778    .ARM.Collect$$libshutdown$$00000007  c_w.l(libshutdown2.o)
    0x00000316   0x00000316   0x00000000   Code   RO         1781    .ARM.Collect$$libshutdown$$0000000A  c_w.l(libshutdown2.o)
    0x00000316   0x00000316   0x00000000   Code   RO         1783    .ARM.Collect$$libshutdown$$0000000C  c_w.l(libshutdown2.o)
    0x00000316   0x00000316   0x00000000   Code   RO         1786    .ARM.Collect$$libshutdown$$0000000F  c_w.l(libshutdown2.o)
    0x00000316   0x00000316   0x00000002   Code   RO         1787    .ARM.Collect$$libshutdown$$00000010  c_w.l(libshutdown2.o)
    0x00000318   0x00000318   0x00000000   Code   RO         1655    .ARM.Collect$$rtentry$$00000000  c_w.l(__rtentry.o)
    0x00000318   0x00000318   0x00000000   Code   RO         1661    .ARM.Collect$$rtentry$$00000002  c_w.l(__rtentry2.o)
    0x00000318   0x00000318   0x00000006   Code   RO         1673    .ARM.Collect$$rtentry$$00000004  c_w.l(__rtentry4.o)
    0x0000031e   0x0000031e   0x00000000   Code   RO         1663    .ARM.Collect$$rtentry$$00000009  c_w.l(__rtentry2.o)
    0x0000031e   0x0000031e   0x00000004   Code   RO         1664    .ARM.Collect$$rtentry$$0000000A  c_w.l(__rtentry2.o)
    0x00000322   0x00000322   0x00000000   Code   RO         1666    .ARM.Collect$$rtentry$$0000000C  c_w.l(__rtentry2.o)
    0x00000322   0x00000322   0x00000008   Code   RO         1667    .ARM.Collect$$rtentry$$0000000D  c_w.l(__rtentry2.o)
    0x0000032a   0x0000032a   0x00000002   Code   RO         1688    .ARM.Collect$$rtexit$$00000000  c_w.l(rtexit.o)
    0x0000032c   0x0000032c   0x00000000   Code   RO         1738    .ARM.Collect$$rtexit$$00000002  c_w.l(rtexit2.o)
    0x0000032c   0x0000032c   0x00000004   Code   RO         1739    .ARM.Collect$$rtexit$$00000003  c_w.l(rtexit2.o)
    0x00000330   0x00000330   0x00000006   Code   RO         1740    .ARM.Collect$$rtexit$$00000004  c_w.l(rtexit2.o)
    0x00000336   0x00000336   0x00000002   PAD
    0x00000338   0x00000338   0x0000010c   Code   RO          555  * .text               startup_tm4c123.o
    0x00000444   0x00000444   0x0000008a   Code   RO         1647    .text               c_w.l(rt_memcpy_v6.o)
    0x000004ce   0x000004ce   0x00000044   Code   RO         1649    .text               c_w.l(rt_memclr.o)
    0x00000512   0x00000512   0x00000006   Code   RO         1651    .text               c_w.l(heapauxi.o)
    0x00000518   0x00000518   0x00000064   Code   RO         1656    .text               c_w.l(rt_memcpy_w.o)
    0x0000057c   0x0000057c   0x0000004e   Code   RO         1658    .text               c_w.l(rt_memclr_w.o)
    0x000005ca   0x000005ca   0x0000004a   Code   RO         1675    .text               c_w.l(sys_stackheap_outer.o)
    0x00000614   0x00000614   0x00000012   Code   RO         1677    .text               c_w.l(exit.o)
    0x00000626   0x00000626   0x00000002   PAD
    0x00000628   0x00000628   0x00000008   Code   RO         1685    .text               c_w.l(libspace.o)
    0x00000630   0x00000630   0x0000000c   Code   RO         1748    .text               c_w.l(sys_exit.o)
    0x0000063c   0x0000063c   0x00000002   Code   RO         1763    .text               c_w.l(use_no_semi.o)
    0x0000063e   0x0000063e   0x00000000   Code   RO         1765    .text               c_w.l(indicate_semi.o)
    0x0000063e   0x0000063e   0x00000002   PAD
    0x00000640   0x00000640   0x00000014   Code   RO          148    .text.ADCIntClear   adc.o
    0x00000654   0x00000654   0x00000064   Code   RO          146    .text.ADCIntStatus  adc.o
    0x000006b8   0x000006b8   0x00000010   Code   RO          204    .text.ADCPhaseDelaySet  adc.o
    0x000006c8   0x000006c8   0x00000026   Code   RO          168    .text.ADCProcessorTrigger  adc.o
    0x000006ee   0x000006ee   0x00000002   PAD
    0x000006f0   0x000006f0   0x00000088   Code   RO          154    .text.ADCSequenceConfigure  adc.o
    0x00000778   0x00000778   0x0000005a   Code   RO          166    .text.ADCSequenceDataGet  adc.o
    0x000007d2   0x000007d2   0x00000002   PAD
    0x000007d4   0x000007d4   0x0000001a   Code   RO          152    .text.ADCSequenceDisable  adc.o
    0x000007ee   0x000007ee   0x00000002   PAD
    0x000007f0   0x000007f0   0x0000001a   Code   RO          150    .text.ADCSequenceEnable  adc.o
    0x0000080a   0x0000080a   0x00000002   PAD
    0x0000080c   0x0000080c   0x000000e2   Code   RO          156    .text.ADCSequenceStepConfigure  adc.o
    0x000008ee   0x000008ee   0x00000002   PAD
    0x000008f0   0x000008f0   0x00000074   Code   RO          245    .text.GPIODirModeSet  gpio.o
    0x00000964   0x00000964   0x000002da   Code   RO          253    .text.GPIOPadConfigSet  gpio.o
    0x00000c3e   0x00000c3e   0x00000002   PAD
    0x00000c40   0x00000c40   0x0000002a   Code   RO          279    .text.GPIOPinTypeADC  gpio.o
    0x00000c6a   0x00000c6a   0x00000002   PAD
    0x00000c6c   0x00000c6c   0x0000002a   Code   RO          297    .text.GPIOPinTypeGPIOOutput  gpio.o
    0x00000c96   0x00000c96   0x00000002   PAD
    0x00000c98   0x00000c98   0x0000001e   Code   RO          277    .text.GPIOPinWrite  gpio.o
    0x00000cb6   0x00000cb6   0x00000002   PAD
    0x00000cb8   0x00000cb8   0x00000042   Code   RO           58    .text.Init_SharedResources  init.o
    0x00000cfa   0x00000cfa   0x00000002   PAD
    0x00000cfc   0x00000cfc   0x00000010   Code   RO           56    .text.Init_SystemClock  init.o
    0x00000d0c   0x00000d0c   0x00000030   Code   RO           67    .text.LedBuiltin_Init  led_builtin.o
    0x00000d3c   0x00000d3c   0x00000028   Code   RO           69    .text.LedBuiltin_Set  led_builtin.o
    0x00000d64   0x00000d64   0x000000aa   Code   RO           78    .text.LightingHal_Init  lighting_hal.o
    0x00000e0e   0x00000e0e   0x00000002   PAD
    0x00000e10   0x00000e10   0x0000006a   Code   RO           80    .text.LightingHal_ReadAmbient  lighting_hal.o
    0x00000e7a   0x00000e7a   0x00000002   PAD
    0x00000e7c   0x00000e7c   0x00000018   Code   RO           82    .text.LightingHal_SetOutput  lighting_hal.o
    0x00000e94   0x00000e94   0x0000004e   Code   RO           47    .text.Lighting_SendStatus  lighting_task.o
    0x00000ee2   0x00000ee2   0x00000002   PAD
    0x00000ee4   0x00000ee4   0x000000e4   Code   RO          109    .text.Oven_HwInit   oven_task.o
    0x00000fc8   0x00000fc8   0x00000094   Code   RO          111    .text.Oven_ReadTemperatureC  oven_task.o
    0x0000105c   0x0000105c   0x0000008e   Code   RO          115    .text.Oven_SendStatus  oven_task.o
    0x000010ea   0x000010ea   0x00000002   PAD
    0x000010ec   0x000010ec   0x00000028   Code   RO          113    .text.Oven_SetHeater  oven_task.o
    0x00001114   0x00001114   0x0000024e   Code   RO          481    .text.SysCtlClockSet  sysctl.o
    0x00001362   0x00001362   0x00000002   PAD
    0x00001364   0x00001364   0x00000008   Code   RO          465    .text.SysCtlDelay   sysctl.o
    0x0000136c   0x0000136c   0x00000022   Code   RO          417    .text.SysCtlPeripheralEnable  sysctl.o
    0x0000138e   0x0000138e   0x00000002   PAD
    0x00001390   0x00001390   0x00000026   Code   RO          409    .text.SysCtlPeripheralReady  sysctl.o
    0x000013b6   0x000013b6   0x00000002   PAD
    0x000013b8   0x000013b8   0x000000e4   Code   RO          566    .text.SystemInit    system_tm4c123.o
    0x0000149c   0x0000149c   0x00000102   Code   RO           32    .text.UART0_Handler  uart.o
    0x0000159e   0x0000159e   0x00000002   PAD
    0x000015a0   0x000015a0   0x0000002e   Code   RO           16    .text.UART0_WriteChar  uart.o
    0x000015ce   0x000015ce   0x00000002   PAD
    0x000015d0   0x000015d0   0x0000003e   Code   RO           18    .text.UART0_WriteString  uart.o
    0x0000160e   0x0000160e   0x00000002   PAD
    0x00001610   0x00001610   0x000000b0   Code   RO           12    .text.UART_Init     uart.o
    0x000016c0   0x000016c0   0x00000096   Code   RO           14    .text.UART_config   uart.o
    0x00001756   0x00001756   0x00000002   PAD
    0x00001758   0x00001758   0x000000aa   Code   RO            2    .text.main          main.o
    0x00001802   0x00001802   0x00000002   PAD
    0x00001804   0x00001804   0x0000012c   Code   RO         1431    .text.prvAddCurrentTaskToDelayedList  tasks.o
    0x00001930   0x00001930   0x0000016a   Code   RO         1415    .text.prvAddNewTaskToReadyList  tasks.o
    0x00001a9a   0x00001a9a   0x00000002   PAD
    0x00001a9c   0x00001a9c   0x0000007e   Code   RO         1575    .text.prvCheckForValidListAndQueue  timers.o
    0x00001b1a   0x00001b1a   0x00000002   PAD
    0x00001b1c   0x00001b1c   0x0000005a   Code   RO         1463    .text.prvCheckTasksWaitingTermination  tasks.o
    0x00001b76   0x00001b76   0x00000002   PAD
    0x00001b78   0x00001b78   0x00000042   Code   RO         1374    .text.prvCopyDataFromQueue  queue.o
    0x00001bba   0x00001bba   0x00000002   PAD
    0x00001bbc   0x00001bbc   0x000000cc   Code   RO         1362    .text.prvCopyDataToQueue  queue.o
    0x00001c88   0x00001c88   0x000000d8   Code   RO         1459    .text.prvCreateIdleTasks  tasks.o
    0x00001d60   0x00001d60   0x000000d4   Code   RO         1413    .text.prvCreateStaticTask  tasks.o
    0x00001e34   0x00001e34   0x0000008e   Code   RO         1419    .text.prvCreateTask  tasks.o
    0x00001ec2   0x00001ec2   0x00000002   PAD
    0x00001ec4   0x00001ec4   0x0000005e   Code   RO         1425    .text.prvDeleteTCB  tasks.o
    0x00001f22   0x00001f22   0x00000002   PAD
    0x00001f24   0x00001f24   0x00000026   Code   RO         1378    .text.prvGetHighestPriorityOfWaitToReceiveList  queue.o
    0x00001f4a   0x00001f4a   0x00000002   PAD
    0x00001f4c   0x00001f4c   0x00000048   Code   RO         1613    .text.prvGetNextExpireTime  timers.o
    0x00001f94   0x00001f94   0x00000038   Code   RO         1537    .text.prvIdleTask   tasks.o
    0x00001fcc   0x00001fcc   0x00000030   Code   RO         1346    .text.prvInitialiseMutex  queue.o
    0x00001ffc   0x00001ffc   0x0000003e   Code   RO         1338    .text.prvInitialiseNewQueue  queue.o
    0x0000203a   0x0000203a   0x00000002   PAD
    0x0000203c   0x0000203c   0x00000148   Code   RO         1533    .text.prvInitialiseNewTask  tasks.o
    0x00002184   0x00002184   0x0000008e   Code   RO         1535    .text.prvInitialiseTaskLists  tasks.o
    0x00002212   0x00002212   0x00000002   PAD
    0x00002214   0x00002214   0x000000be   Code   RO         1627    .text.prvInsertTimerInActiveList  timers.o
    0x000022d2   0x000022d2   0x00000002   PAD
    0x000022d4   0x000022d4   0x00000028   Code   RO         1376    .text.prvIsQueueEmpty  queue.o
    0x000022fc   0x000022fc   0x0000002e   Code   RO         1364    .text.prvIsQueueFull  queue.o
    0x0000232a   0x0000232a   0x00000002   PAD
    0x0000232c   0x0000232c   0x00000028   Code   RO         1292    .text.prvPortStartFirstTask  port.o
    0x00002354   0x00002354   0x00000068   Code   RO         1621    .text.prvProcessExpiredTimer  timers.o
    0x000023bc   0x000023bc   0x000001be   Code   RO         1617    .text.prvProcessReceivedCommands  timers.o
    0x0000257a   0x0000257a   0x00000002   PAD
    0x0000257c   0x0000257c   0x000000bc   Code   RO         1615    .text.prvProcessTimerOrBlockTask  timers.o
    0x00002638   0x00002638   0x00000066   Code   RO         1625    .text.prvReloadTimer  timers.o
    0x0000269e   0x0000269e   0x00000002   PAD
    0x000026a0   0x000026a0   0x00000042   Code   RO         1423    .text.prvResetNextTaskUnblockTime  tasks.o
    0x000026e2   0x000026e2   0x00000002   PAD
    0x000026e4   0x000026e4   0x00000052   Code   RO         1619    .text.prvSampleTimeNow  timers.o
    0x00002736   0x00002736   0x00000002   PAD
    0x00002738   0x00002738   0x0000005a   Code   RO         1623    .text.prvSwitchTimerLists  timers.o
    0x00002792   0x00002792   0x00000002   PAD
    0x00002794   0x00002794   0x0000004c   Code   RO         1280    .text.prvTaskExitError  port.o
    0x000027e0   0x000027e0   0x00000022   Code   RO         1577    .text.prvTimerTask  timers.o
    0x00002802   0x00002802   0x00000002   PAD
    0x00002804   0x00002804   0x000000ae   Code   RO         1366    .text.prvUnlockQueue  queue.o
    0x000028b2   0x000028b2   0x00000002   PAD
    0x000028b4   0x000028b4   0x000000c8   Code   RO         1314    .text.pvPortMalloc  heap_1.o
    0x0000297c   0x0000297c   0x00000024   Code   RO         1511    .text.pvTaskIncrementMutexHeldCount  tasks.o
    0x000029a0   0x000029a0   0x0000005e   Code   RO         1278    .text.pxPortInitialiseStack  port.o
    0x000029fe   0x000029fe   0x00000002   PAD
    0x00002a00   0x00002a00   0x000000d0   Code   RO          126    .text.uint_to_str   uart_task.o
    0x00002ad0   0x00002ad0   0x00000048   Code   RO         1269    .text.uxListRemove  list.o
    0x00002b18   0x00002b18   0x0000002a   Code   RO         1527    .text.vApplicationGetIdleTaskMemory  tasks.o
    0x00002b42   0x00002b42   0x00000002   PAD
    0x00002b44   0x00002b44   0x0000002a   Code   RO         1529    .text.vApplicationGetTimerTaskMemory  tasks.o
    0x00002b6e   0x00002b6e   0x00000002   PAD
    0x00002b70   0x00002b70   0x00000110   Code   RO           45    .text.vLightingTask  lighting_task.o
    0x00002c80   0x00002c80   0x00000030   Code   RO         1261    .text.vListInitialise  list.o
    0x00002cb0   0x00002cb0   0x0000000e   Code   RO         1263    .text.vListInitialiseItem  list.o
    0x00002cbe   0x00002cbe   0x00000002   PAD
    0x00002cc0   0x00002cc0   0x00000078   Code   RO         1267    .text.vListInsert   list.o
    0x00002d38   0x00002d38   0x00000120   Code   RO          107    .text.vOvenTask     oven_task.o
    0x00002e58   0x00002e58   0x00000014   Code   RO         1290    .text.vPortEnableVFP  port.o
    0x00002e6c   0x00002e6c   0x00000056   Code   RO         1296    .text.vPortEnterCritical  port.o
    0x00002ec2   0x00002ec2   0x00000002   PAD
    0x00002ec4   0x00002ec4   0x0000004a   Code   RO         1298    .text.vPortExitCritical  port.o
    0x00002f0e   0x00002f0e   0x00000002   PAD
    0x00002f10   0x00002f10   0x00000024   Code   RO         1316    .text.vPortFree     heap_1.o
    0x00002f34   0x00002f34   0x00000020   Code   RO         1282    .text.vPortSVCHandler  port.o
    0x00002f54   0x00002f54   0x0000002a   Code   RO         1288    .text.vPortSetupTimerInterrupt  port.o
    0x00002f7e   0x00002f7e   0x00000002   PAD
    0x00002f80   0x00002f80   0x0000006e   Code   RO         1402    .text.vQueueWaitForMessageRestricted  queue.o
    0x00002fee   0x00002fee   0x00000002   PAD
    0x00002ff0   0x00002ff0   0x00000078   Code   RO         1435    .text.vTaskDelay    tasks.o
    0x00003068   0x00003068   0x00000028   Code   RO         1491    .text.vTaskInternalSetTimeOutState  tasks.o
    0x00003090   0x00003090   0x0000000e   Code   RO         1495    .text.vTaskMissedYield  tasks.o
    0x0000309e   0x0000309e   0x00000002   PAD
    0x000030a0   0x000030a0   0x00000046   Code   RO         1479    .text.vTaskPlaceOnEventList  tasks.o
    0x000030e6   0x000030e6   0x00000002   PAD
    0x000030e8   0x000030e8   0x00000086   Code   RO         1483    .text.vTaskPlaceOnEventListRestricted  tasks.o
    0x0000316e   0x0000316e   0x00000002   PAD
    0x00003170   0x00003170   0x0000018e   Code   RO         1507    .text.vTaskPriorityDisinheritAfterTimeout  tasks.o
    0x000032fe   0x000032fe   0x00000002   PAD
    0x00003300   0x00003300   0x00000094   Code   RO         1457    .text.vTaskStartScheduler  tasks.o
    0x00003394   0x00003394   0x00000010   Code   RO         1429    .text.vTaskSuspendAll  tasks.o
    0x000033a4   0x000033a4   0x000000d6   Code   RO         1449    .text.vTaskSwitchContext  tasks.o
    0x0000347a   0x0000347a   0x00000002   PAD
    0x0000347c   0x0000347c   0x000001be   Code   RO          124    .text.vUART_task    uart_task.o
    0x0000363a   0x0000363a   0x00000002   PAD
    0x0000363c   0x0000363c   0x00000060   Code   RO         1286    .text.xPortPendSVHandler  port.o
    0x0000369c   0x0000369c   0x000001f4   Code   RO         1284    .text.xPortStartScheduler  port.o
    0x00003890   0x00003890   0x0000003e   Code   RO         1300    .text.xPortSysTickHandler  port.o
    0x000038ce   0x000038ce   0x00000002   PAD
    0x000038d0   0x000038d0   0x00000026   Code   RO         1344    .text.xQueueCreateMutex  queue.o
    0x000038f6   0x000038f6   0x00000002   PAD
    0x000038f8   0x000038f8   0x000000a2   Code   RO         1342    .text.xQueueGenericCreate  queue.o
    0x0000399a   0x0000399a   0x00000002   PAD
    0x0000399c   0x0000399c   0x000000c8   Code   RO         1336    .text.xQueueGenericCreateStatic  queue.o
    0x00003a64   0x00003a64   0x00000108   Code   RO         1334    .text.xQueueGenericReset  queue.o
    0x00003b6c   0x00003b6c   0x0000023a   Code   RO         1352    .text.xQueueGenericSend  queue.o
    0x00003da6   0x00003da6   0x00000002   PAD
    0x00003da8   0x00003da8   0x000001e8   Code   RO         1372    .text.xQueueReceive  queue.o
    0x00003f90   0x00003f90   0x0000021c   Code   RO         1356    .text.xQueueSemaphoreTake  queue.o
    0x000041ac   0x000041ac   0x000000fe   Code   RO         1493    .text.xTaskCheckForTimeOut  tasks.o
    0x000042aa   0x000042aa   0x00000002   PAD
    0x000042ac   0x000042ac   0x00000052   Code   RO         1417    .text.xTaskCreate   tasks.o
    0x000042fe   0x000042fe   0x00000002   PAD
    0x00004300   0x00004300   0x0000005c   Code   RO         1411    .text.xTaskCreateStatic  tasks.o
    0x0000435c   0x0000435c   0x00000152   Code   RO         1427    .text.xTaskDelayUntil  tasks.o
    0x000044ae   0x000044ae   0x00000002   PAD
    0x000044b0   0x000044b0   0x00000038   Code   RO         1501    .text.xTaskGetSchedulerState  tasks.o
    0x000044e8   0x000044e8   0x00000024   Code   RO         1467    .text.xTaskGetTickCount  tasks.o
    0x0000450c   0x0000450c   0x000002b2   Code   RO         1465    .text.xTaskIncrementTick  tasks.o
    0x000047be   0x000047be   0x00000002   PAD
    0x000047c0   0x000047c0   0x00000144   Code   RO         1505    .text.xTaskPriorityDisinherit  tasks.o
    0x00004904   0x00004904   0x00000168   Code   RO         1503    .text.xTaskPriorityInherit  tasks.o
    0x00004a6c   0x00004a6c   0x000001b0   Code   RO         1485    .text.xTaskRemoveFromEventList  tasks.o
    0x00004c1c   0x00004c1c   0x0000026c   Code   RO         1433    .text.xTaskResumeAll  tasks.o
    0x00004e88   0x00004e88   0x00000094   Code   RO         1573    .text.xTimerCreateTimerTask  timers.o
    0x00004f1c   0x00004f1c   0x0000001a   Code   RO         1746    x$fpl$fpinit        fz_wm.l(fpinit.o)
    0x00004f36   0x00004f36   0x0000003c   Data   RO            4    .rodata.str1.1      main.o
    0x00004f72   0x00004f72   0x0000003c   Data   RO           34    .rodata.str1.1      uart.o
    0x00004fae   0x00004fae   0x0000013d   Data   RO          128    .rodata.str1.1      uart_task.o
    0x000050eb   0x000050eb   0x00000005   Data   RO         1565    .rodata.str1.1      tasks.o
    0x000050f0   0x000050f0   0x00000008   Data   RO         1630    .rodata.str1.1      timers.o
    0x000050f8   0x000050f8   0x00000004   Data   RO         1554    .rodata.uxTopUsedPriority  tasks.o
    0x000050fc   0x000050fc   0x00000020   Data   RO         1821    Region$$Table       anon$$obj.o


    Execution Region ER_RW (Exec base: 0x20000000, Load base: 0x0000511c, Size: 0x00000004, Max: 0xffffffff, ABSOLUTE)

    Exec Addr    Load Addr    Size         Type   Attr      Idx    E Section Name        Object

    0x20000000   0x0000511c   0x00000004   Data   RW         1306    .data.uxCriticalNesting  port.o


    Execution Region ER_ZI (Exec base: 0x20000008, Load base: 0x00005120, Size: 0x00002a90, Max: 0xffffffff, ABSOLUTE)

    Exec Addr    Load Addr    Size         Type   Attr      Idx    E Section Name        Object

    0x20000008        -       0x00000060   Zero   RW         1686    .bss                c_w.l(libspace.o)
    0x20000068        -       0x00000004   Zero   RW           91    .bss.g_SystemState  shared_state.o
    0x2000006c        -       0x00000001   Zero   RW           36    .bss.g_uart0EquationReady  uart.o
    0x2000006d        -       0x00000080   Zero   RW           37    .bss.g_uart0RxBuffer  uart.o
    0x200000ed   0x00005120   0x00000003   PAD
    0x200000f0        -       0x00000004   Zero   RW           35    .bss.g_uart0RxIndex  uart.o
    0x200000f4        -       0x000000f0   Zero   RW         1638    .bss.prvCheckForValidListAndQueue.ucStaticTimerQueueStorage  timers.o
    0x200001e4   0x00005120   0x00000004   PAD
    0x200001e8        -       0x00000050   Zero   RW         1637    .bss.prvCheckForValidListAndQueue.xStaticTimerQueue  timers.o
    0x20000238        -       0x00000008   Zero   RW         1634    .bss.prvSampleTimeNow.xLastTime  timers.o
    0x20000240        -       0x00000004   Zero   RW         1324    .bss.pvPortMalloc.pucAlignedHeap  heap_1.o
    0x20000244        -       0x00000004   Zero   RW         1539    .bss.pxCurrentTCB   tasks.o
    0x20000248        -       0x00000004   Zero   RW         1632    .bss.pxCurrentTimerList  timers.o
    0x2000024c        -       0x00000004   Zero   RW         1556    .bss.pxDelayedTaskList  tasks.o
    0x20000250        -       0x00000004   Zero   RW         1557    .bss.pxOverflowDelayedTaskList  tasks.o
    0x20000254        -       0x00000004   Zero   RW         1633    .bss.pxOverflowTimerList  timers.o
    0x20000258        -       0x00000078   Zero   RW         1547    .bss.pxReadyTasksLists  tasks.o
    0x200002d0        -       0x00002000   Zero   RW         1325    .bss.ucHeap         heap_1.o
    0x200022d0        -       0x00000001   Zero   RW         1304    .bss.ucMaxSysCallPriority  port.o
    0x200022d1   0x00005120   0x00000003   PAD
    0x200022d4        -       0x00000004   Zero   RW         1305    .bss.ulMaxPRIGROUPValue  port.o
    0x200022d8        -       0x00000004   Zero   RW         1544    .bss.uxCurrentNumberOfTasks  tasks.o
    0x200022dc        -       0x00000004   Zero   RW         1543    .bss.uxDeletedTasksWaitingCleanUp  tasks.o
    0x200022e0        -       0x00000004   Zero   RW         1545    .bss.uxSchedulerSuspended  tasks.o
    0x200022e4        -       0x00000004   Zero   RW         1540    .bss.uxTaskNumber   tasks.o
    0x200022e8        -       0x00000004   Zero   RW         1548    .bss.uxTopReadyPriority  tasks.o
    0x200022ec        -       0x00000200   Zero   RW         1560    .bss.vApplicationGetIdleTaskMemory.uxIdleTaskStack  tasks.o
    0x200024ec   0x00005120   0x00000004   PAD
    0x200024f0        -       0x00000060   Zero   RW         1559    .bss.vApplicationGetIdleTaskMemory.xIdleTaskTCB  tasks.o
    0x20002550        -       0x00000200   Zero   RW         1562    .bss.vApplicationGetTimerTaskMemory.uxTimerTaskStack  tasks.o
    0x20002750        -       0x00000060   Zero   RW         1561    .bss.vApplicationGetTimerTaskMemory.xTimerTaskTCB  tasks.o
    0x200027b0        -       0x00000018   Zero   RW         1635    .bss.xActiveTimerList1  timers.o
    0x200027c8        -       0x00000018   Zero   RW         1636    .bss.xActiveTimerList2  timers.o
    0x200027e0        -       0x00000018   Zero   RW         1563    .bss.xDelayedTaskList1  tasks.o
    0x200027f8        -       0x00000018   Zero   RW         1564    .bss.xDelayedTaskList2  tasks.o
    0x20002810        -       0x00000004   Zero   RW         1553    .bss.xIdleTaskHandles  tasks.o
    0x20002814        -       0x00000004   Zero   RW         1326    .bss.xNextFreeByte  heap_1.o
    0x20002818        -       0x00000008   Zero   RW         1552    .bss.xNextTaskUnblockTime  tasks.o
    0x20002820        -       0x00000004   Zero   RW         1558    .bss.xNumOfOverflows  tasks.o
    0x20002824   0x00005120   0x00000004   PAD
    0x20002828        -       0x00000008   Zero   RW         1555    .bss.xPendedTicks   tasks.o
    0x20002830        -       0x00000018   Zero   RW         1551    .bss.xPendingReadyList  tasks.o
    0x20002848        -       0x00000004   Zero   RW         1541    .bss.xSchedulerRunning  tasks.o
    0x2000284c        -       0x00000004   Zero   RW           93    .bss.xSharedStateMutex  shared_state.o
    0x20002850        -       0x00000018   Zero   RW         1549    .bss.xSuspendedTaskList  tasks.o
    0x20002868        -       0x00000018   Zero   RW         1542    .bss.xTasksWaitingTermination  tasks.o
    0x20002880        -       0x00000008   Zero   RW         1546    .bss.xTickCount     tasks.o
    0x20002888        -       0x00000004   Zero   RW         1629    .bss.xTimerQueue    timers.o
    0x2000288c        -       0x00000004   Zero   RW         1631    .bss.xTimerTaskHandle  timers.o
    0x20002890        -       0x00000004   Zero   RW           92    .bss.xUARTQueue     shared_state.o
    0x20002894        -       0x00000004   Zero   RW         1550    .bss.xYieldPendings  tasks.o
    0x20002898        -       0x00000000   Zero   RW          553    HEAP                startup_tm4c123.o
    0x20002898        -       0x00000200   Zero   RW          552    STACK               startup_tm4c123.o


==============================================================================

Image component sizes


      Code (inc. data)   RO Data    RW Data    ZI Data      Debug   Object Name

       678          0          0          0          0       8415   adc.o
       960          0          0          0          0       9901   gpio.o
       236          0          0          0       8200       1865   heap_1.o
        82          0          0          0          0        613   init.o
        88          0          0          0          0        560   led_builtin.o
       300          0          0          0          0       1033   lighting_hal.o
       350          0          0          0          0       1859   lighting_task.o
       254          0          0          0          0       2323   list.o
       170          0         60          0          0        969   main.o
       846          0          0          0          0       2594   oven_task.o
      1122         16          0          4          5       4168   port.o
      3050          0          0          0          0      16558   queue.o
         0          0          0          0         12        773   shared_state.o
       268         22        620          0        512       5348   startup_tm4c123.o
       670          0          0          0          0      11007   sysctl.o
       228          0          0          0          0       6756   system_tm4c123.o
      6566          0          9          0       1528      27217   tasks.o
      1582         10          8          0        392      11183   timers.o
       692          0         60          0        133       2969   uart.o
       654          4        317          0          0       2354   uart_task.o

    ----------------------------------------------------------------------
     18920         52       1106          4      10800     118465   Object Totals
         0          0         32          0          0          0   (incl. Generated)
       124          0          0          0         18          0   (incl. Padding)

    ----------------------------------------------------------------------

      Code (inc. data)   RO Data    RW Data    ZI Data      Debug   Library Member Name

         8          0          0          0          0         68   __main.o
         0          0          0          0          0          0   __rtentry.o
        12          0          0          0          0          0   __rtentry2.o
         6          0          0          0          0          0   __rtentry4.o
        94          8          0          0          0          0   __scatter.o
        26          0          0          0          0          0   __scatter_copy.o
        28          0          0          0          0          0   __scatter_zi.o
        18          0          0          0          0         80   exit.o
         6          0          0          0          0        152   heapauxi.o
         0          0          0          0          0          0   indicate_semi.o
         2          0          0          0          0          0   libinit.o
         6          0          0          0          0          0   libinit2.o
         2          0          0          0          0          0   libshutdown.o
         2          0          0          0          0          0   libshutdown2.o
         8          4          0          0         96         68   libspace.o
        68          0          0          0          0         68   rt_memclr.o
        78          0          0          0          0         80   rt_memclr_w.o
       138          0          0          0          0         68   rt_memcpy_v6.o
       100          0          0          0          0         80   rt_memcpy_w.o
         2          0          0          0          0          0   rtexit.o
        10          0          0          0          0          0   rtexit2.o
        12          4          0          0          0         68   sys_exit.o
        74          0          0          0          0         80   sys_stackheap_outer.o
         2          0          0          0          0         68   use_no_semi.o
        26          0          0          0          0        116   fpinit.o

    ----------------------------------------------------------------------
       738         16          0          0         96        996   Library Totals
        10          0          0          0          0          0   (incl. Padding)

    ----------------------------------------------------------------------

      Code (inc. data)   RO Data    RW Data    ZI Data      Debug   Library Name

       702         16          0          0         96        880   c_w.l
        26          0          0          0          0        116   fz_wm.l

    ----------------------------------------------------------------------
       738         16          0          0         96        996   Library Totals

    ----------------------------------------------------------------------

==============================================================================


      Code (inc. data)   RO Data    RW Data    ZI Data      Debug   

     19658         68       1106          4      10896     118825   Grand Totals
     19658         68       1106          4      10896     118825   ELF Image Totals
     19658         68       1106          4          0          0   ROM Totals

==============================================================================

    Total RO  Size (Code + RO Data)                20764 (  20.28kB)
    Total RW  Size (RW Data + ZI Data)             10900 (  10.64kB)
    Total ROM Size (Code + RO Data + RW Data)      20768 (  20.28kB)

==============================================================================

